[scritture.mirtillo.pedani.it/index.html]
[backblue.gif]
[fade.gif]
[index.html]
[scritture.mirtillo.pedani.it/xmlrpc0db0.php]
[scritture.mirtillo.pedani.it/wp-json/oembed/1.0/embed8aed.json]
[scritture.mirtillo.pedani.it/index.html]
[scritture.mirtillo.pedani.it/xmlrpc.php]
[scritture.mirtillo.pedani.it/wp-json/index.html]
[scritture.mirtillo.pedani.it/wp-json/oembed/1.0/embed60a3]
[scritture.mirtillo.pedani.it/progetto/index.html]
[scritture.mirtillo.pedani.it/pubblicazioni/index.html]
[scritture.mirtillo.pedani.it/supplementi/index.html]
[scritture.mirtillo.pedani.it/mag/216/index.html]
[scritture.mirtillo.pedani.it/mag/nuova-chiesa-e-nuova-politica/index.html]
[scritture.mirtillo.pedani.it/mag/il-giorno-in-cui-combinammo-qualcosa-di-buono/index.html]
[scritture.mirtillo.pedani.it/mag/il-contagio-della-violenza/index.html]
[scritture.mirtillo.pedani.it/mag/il-disgusto-della-democrazia/index.html]
[scritture.mirtillo.pedani.it/mag/hikikomori-visto-da-leibniz/index.html]
[scritture.mirtillo.pedani.it/mag/gli-spacciatori-di-felicita/index.html]
[scritture.mirtillo.pedani.it/mag/philip-k-dick-il-filosofo-mascherato/index.html]
[scritture.mirtillo.pedani.it/mag/un-monocameralismo-imperfetto-per-una-perfetta-autocrazia/index.html]
[scritture.mirtillo.pedani.it/mag/jeeg-robot-contro-i-kattivi/index.html]
[scritture.mirtillo.pedani.it/mag/cose-turche/index.html]
[scritture.mirtillo.pedani.it/mag/brexit-come-perdere-contro-se-stessi/index.html]
[scritture.mirtillo.pedani.it/mag/bisogna-saper-vincere/index.html]
[scritture.mirtillo.pedani.it/mag/mein-kampf-per-tutti/index.html]
[scritture.mirtillo.pedani.it/mag/spam-poetry/index.html]
[scritture.mirtillo.pedani.it/mag/dark-reign-politica-e-religione-tra-i-fumetti-e-la-gnosi/index.html]
[scritture.mirtillo.pedani.it/mag/rovine-deuropa/index.html]
[scritture.mirtillo.pedani.it/mag/variazioni-della-differenza-derrida-e-coleman/index.html]
[scritture.mirtillo.pedani.it/mag/cinque-questioni-su-david-bowie/index.html]
[scritture.mirtillo.pedani.it/mag/le-guerre-di-marcantonio-colonna-e-lo-statuto-di-frascati-del-1515/index.html]
[scritture.mirtillo.pedani.it/mag/cul-de-sac/index.html]
[scritture.mirtillo.pedani.it/mag/fantasmi-a-berlino/index.html]
[scritture.mirtillo.pedani.it/mag/istanbul-diario-di-bordo/index.html]
[scritture.mirtillo.pedani.it/mag/cocktail-bulgaro/index.html]
[scritture.mirtillo.pedani.it/mag/la-grecia-leuropa-e-i-conti-della-serva/index.html]
[scritture.mirtillo.pedani.it/mag/siamo-morti-da-sempre/index.html]
[scritture.mirtillo.pedani.it/mag/i-colori-del-noir/index.html]
[scritture.mirtillo.pedani.it/mag/charlie-hebdo-e-la-satira-integrale/index.html]
[scritture.mirtillo.pedani.it/mag/il-premio-frascati-poesia-provincia/index.html]
[scritture.mirtillo.pedani.it/mag/halloween-dietro-le-quinte/index.html]
[scritture.mirtillo.pedani.it/mag/padre-padrino/index.html]
[scritture.mirtillo.pedani.it/mag/la-palude-letteraria/index.html]
[scritture.mirtillo.pedani.it/mag/strade-di-fener/index.html]
[scritture.mirtillo.pedani.it/mag/virus/index.html]
[scritture.mirtillo.pedani.it/mag/luomo-e-la-gallina/index.html]
[scritture.mirtillo.pedani.it/mag/tutti-contro-il-ttip/index.html]
[scritture.mirtillo.pedani.it/mag/manicomio-italia-un-quadro-clinico/index.html]
[scritture.mirtillo.pedani.it/mag/gender-theories-riflessioni-a-margine/index.html]
[scritture.mirtillo.pedani.it/mag/il-neoliberismo-lideologia-senza-nome/index.html]
[scritture.mirtillo.pedani.it/mag/proposte-didattiche-per-una-scuola-meticcia/index.html]
[scritture.mirtillo.pedani.it/mag/storie-dalla-jihad/index.html]
[scritture.mirtillo.pedani.it/mag/sottoproletariato-cognitivo-italia/index.html]
[scritture.mirtillo.pedani.it/mag/un-rosario-per-pannella/index.html]
[scritture.mirtillo.pedani.it/mag/e-tutto-invano-cio-che-un-uomo-vano-fa-per-bisogno/index.html]
[scritture.mirtillo.pedani.it/mag/scorre-il-sangue-fertile-la-terra-la-pasola-di-sumba/index.html]
[scritture.mirtillo.pedani.it/mag/colonizzazione-dellimmaginario-e-controllo-sociale/index.html]
[scritture.mirtillo.pedani.it/mag/chi-paga-per-la-condivisione/index.html]
[scritture.mirtillo.pedani.it/mag/il-cane-nella-casa-degli-europei/index.html]
[scritture.mirtillo.pedani.it/mag/larte-egocentrica-mondiale-sta-uccidendo-larte/index.html]
[scritture.mirtillo.pedani.it/mag/omicidio-varani-nuove-identita-del-male/index.html]
[scritture.mirtillo.pedani.it/mag/aaa-industria-filosofica-nel-salento/index.html]
[scritture.mirtillo.pedani.it/mag/indagini-scientifiche-il-giallo-e-la-matematica/index.html]
[scritture.mirtillo.pedani.it/mag/gianni-celati-e-la-fuga-dalla-letteratura/index.html]
[scritture.mirtillo.pedani.it/mag/orizzonti-editoriali-mondo-digitale/index.html]
[scritture.mirtillo.pedani.it/mag/unioni-incivili-e-strutture-parentali-dopo-levi-strauss/index.html]
[scritture.mirtillo.pedani.it/mag/il-codice-del-mondo/index.html]
[scritture.mirtillo.pedani.it/mag/la-luce-il-paesaggio-e-il-confine-in-francesco-biamonti/index.html]
[scritture.mirtillo.pedani.it/mag/macht-und-denken-slam-di-filosofia-a-lipsia/index.html]
[scritture.mirtillo.pedani.it/mag/il-largo-sguardo-deuropa-e-la-poesia-di-faraon-meteoses/index.html]
[scritture.mirtillo.pedani.it/mag/leuropa-e-i-limiti-della-retorica-antitedesca/index.html]
[scritture.mirtillo.pedani.it/mag/19/index.html]
[scritture.mirtillo.pedani.it/mag/category/diario/index.html]
[scritture.mirtillo.pedani.it/index905b.html]
[scritture.mirtillo.pedani.it/mag/category/rivista/index.html]
[scritture.mirtillo.pedani.it/mag/category/rivista/antropologia/index.html]
[scritture.mirtillo.pedani.it/mag/category/rivista/arte/index.html]
[scritture.mirtillo.pedani.it/mag/category/rivista/cinema/index.html]
[scritture.mirtillo.pedani.it/mag/category/rivista/comunicazione/index.html]
[scritture.mirtillo.pedani.it/mag/category/rivista/economia/index.html]
[scritture.mirtillo.pedani.it/mag/category/rivista/editoria/index.html]
[scritture.mirtillo.pedani.it/mag/category/rivista/filosofia/index.html]
[scritture.mirtillo.pedani.it/mag/category/rivista/fumetti/index.html]
[scritture.mirtillo.pedani.it/mag/category/rivista/geopolitica/index.html]
[scritture.mirtillo.pedani.it/mag/category/rivista/letteratura/index.html]
[scritture.mirtillo.pedani.it/mag/category/rivista/musica/index.html]
[scritture.mirtillo.pedani.it/mag/category/rivista/narrazioni/index.html]
[scritture.mirtillo.pedani.it/mag/category/rivista/poesia/index.html]
[scritture.mirtillo.pedani.it/mag/category/rivista/politica/index.html]
[scritture.mirtillo.pedani.it/mag/category/rivista/religioni/index.html]
[scritture.mirtillo.pedani.it/mag/category/rivista/scienza/index.html]
[scritture.mirtillo.pedani.it/mag/category/rivista/societa/index.html]
[scritture.mirtillo.pedani.it/mag/category/rivista/storia/index.html]
[scritture.mirtillo.pedani.it/mag/category/umorismo/index.html]
[scritture.mirtillo.pedani.it/mag/tag/11-settembre/index.html]
[scritture.mirtillo.pedani.it/mag/tag/agamben/index.html]
[scritture.mirtillo.pedani.it/mag/tag/auge/index.html]
[scritture.mirtillo.pedani.it/mag/tag/basso-impero/index.html]
[scritture.mirtillo.pedani.it/mag/tag/bisanzio/index.html]
[scritture.mirtillo.pedani.it/mag/tag/bologna/index.html]
[scritture.mirtillo.pedani.it/mag/tag/castelli-romani/index.html]
[scritture.mirtillo.pedani.it/mag/tag/cattolicesimo/index.html]
[scritture.mirtillo.pedani.it/mag/tag/claudio-comandini/index.html]
[scritture.mirtillo.pedani.it/mag/tag/contingenza/index.html]
[scritture.mirtillo.pedani.it/mag/tag/cristianesimo/index.html]
[scritture.mirtillo.pedani.it/mag/tag/derrida/index.html]
[scritture.mirtillo.pedani.it/mag/tag/ebrei/index.html]
[scritture.mirtillo.pedani.it/mag/tag/europa/index.html]
[scritture.mirtillo.pedani.it/mag/tag/finanza-tossica/index.html]
[scritture.mirtillo.pedani.it/mag/tag/frascati/index.html]
[scritture.mirtillo.pedani.it/mag/tag/freud/index.html]
[scritture.mirtillo.pedani.it/mag/tag/gnosi/index.html]
[scritture.mirtillo.pedani.it/mag/tag/grecia/index.html]
[scritture.mirtillo.pedani.it/mag/tag/hegel/index.html]
[scritture.mirtillo.pedani.it/mag/tag/huntington/index.html]
[scritture.mirtillo.pedani.it/mag/tag/improvvisazione/index.html]
[scritture.mirtillo.pedani.it/mag/tag/integralismo/index.html]
[scritture.mirtillo.pedani.it/mag/tag/internet/index.html]
[scritture.mirtillo.pedani.it/mag/tag/islam/index.html]
[scritture.mirtillo.pedani.it/mag/tag/istanbul/index.html]
[scritture.mirtillo.pedani.it/mag/tag/kant/index.html]
[scritture.mirtillo.pedani.it/mag/tag/leibniz/index.html]
[scritture.mirtillo.pedani.it/mag/tag/milano/index.html]
[scritture.mirtillo.pedani.it/mag/tag/montale/index.html]
[scritture.mirtillo.pedani.it/mag/tag/neoliberismo/index.html]
[scritture.mirtillo.pedani.it/mag/tag/nietzsche/index.html]
[scritture.mirtillo.pedani.it/mag/tag/perniola/index.html]
