[index-2.html]
[backblue.gif]
[fade.gif]
[index.html]
[wp-content/plugins/wysija-newsletters/css/validationEngine.jqueryeed8.css]
[wp-content/themes/mh-magazine-lite/style62d0.css]
[wp-content/themes/scritture/stylec0b8.css]
[wp-content/plugins/add-to-any/addtoany.min2f3e.css]
[wp-includes/js/jquery/jqueryb8ff.js]
[wp-content/themes/mh-magazine-lite/js/scripts62d0.js]
[xmlrpc0db0.php]
[wp-json/oembed/1.0/embed60a3]
[wp-content/plugins/video-embed-box/video-embed8af4.css]
[index-2.html]
[wp-includes/js/wp-embed.min62d0.js]
[feed/index.html]
[xmlrpc.php]
[comments/feed/index.html]
[wp-json/index.html]
[wp-json/oembed/1.0/embed8aed.json]
[mag/category/diario/index.html]
[wp-content/uploads/2016/08/quanto-resta-del-millennio-326x245.jpg]
[mag/category/diario/index.html]
[wp-json/oembed/1.0/embedf919.json]
[progetto/index.html]
[wp-json/oembed/1.0/embed869f.json]
[wp-content/uploads/2016/07/patchwork-city-1-225x300.jpg]
[pubblicazioni/index.html]
[wp-json/oembed/1.0/embed99a6.json]
[wp-content/uploads/2016/07/poste-internazionali-225x300.jpg]
[supplementi/index.html]
[wp-json/oembed/1.0/embed6724.json]
[mag/216/index.html]
[wp-json/oembed/1.0/embed4e86.json]
[wp-content/uploads/2016/07/Via-Crucis-444x381.jpg]
[mag/nuova-chiesa-e-nuova-politica/index.html]
[mag/il-giorno-in-cui-combinammo-qualcosa-di-buono/index.html]
[mag/il-contagio-della-violenza/index.html]
[mag/il-disgusto-della-democrazia/index.html]
[mag/hikikomori-visto-da-leibniz/index.html]
[mag/gli-spacciatori-di-felicita/index.html]
[mag/philip-k-dick-il-filosofo-mascherato/index.html]
[mag/un-monocameralismo-imperfetto-per-una-perfetta-autocrazia/index.html]
[mag/jeeg-robot-contro-i-kattivi/index.html]
[mag/cose-turche/index.html]
[mag/brexit-come-perdere-contro-se-stessi/index.html]
[mag/bisogna-saper-vincere/index.html]
[mag/mein-kampf-per-tutti/index.html]
[mag/spam-poetry/index.html]
[mag/dark-reign-politica-e-religione-tra-i-fumetti-e-la-gnosi/index.html]
[mag/rovine-deuropa/index.html]
[mag/variazioni-della-differenza-derrida-e-coleman/index.html]
[mag/cinque-questioni-su-david-bowie/index.html]
[mag/le-guerre-di-marcantonio-colonna-e-lo-statuto-di-frascati-del-1515/index.html]
[mag/cul-de-sac/index.html]
[mag/fantasmi-a-berlino/index.html]
[mag/istanbul-diario-di-bordo/index.html]
[mag/cocktail-bulgaro/index.html]
[mag/la-grecia-leuropa-e-i-conti-della-serva/index.html]
[mag/siamo-morti-da-sempre/index.html]
[mag/i-colori-del-noir/index.html]
[mag/charlie-hebdo-e-la-satira-integrale/index.html]
[mag/il-premio-frascati-poesia-provincia/index.html]
[mag/halloween-dietro-le-quinte/index.html]
[mag/padre-padrino/index.html]
[mag/la-palude-letteraria/index.html]
[mag/strade-di-fener/index.html]
[mag/virus/index.html]
[mag/luomo-e-la-gallina/index.html]
[mag/tutti-contro-il-ttip/index.html]
[mag/manicomio-italia-un-quadro-clinico/index.html]
[mag/gender-theories-riflessioni-a-margine/index.html]
[mag/il-neoliberismo-lideologia-senza-nome/index.html]
[mag/proposte-didattiche-per-una-scuola-meticcia/index.html]
[mag/storie-dalla-jihad/index.html]
[mag/sottoproletariato-cognitivo-italia/index.html]
[mag/un-rosario-per-pannella/index.html]
[mag/e-tutto-invano-cio-che-un-uomo-vano-fa-per-bisogno/index.html]
[mag/scorre-il-sangue-fertile-la-terra-la-pasola-di-sumba/index.html]
[mag/colonizzazione-dellimmaginario-e-controllo-sociale/index.html]
[mag/chi-paga-per-la-condivisione/index.html]
[mag/il-cane-nella-casa-degli-europei/index.html]
[mag/larte-egocentrica-mondiale-sta-uccidendo-larte/index.html]
[mag/omicidio-varani-nuove-identita-del-male/index.html]
[mag/aaa-industria-filosofica-nel-salento/index.html]
[mag/indagini-scientifiche-il-giallo-e-la-matematica/index.html]
[mag/gianni-celati-e-la-fuga-dalla-letteratura/index.html]
[mag/orizzonti-editoriali-mondo-digitale/index.html]
[mag/unioni-incivili-e-strutture-parentali-dopo-levi-strauss/index.html]
[mag/il-codice-del-mondo/index.html]
[mag/la-luce-il-paesaggio-e-il-confine-in-francesco-biamonti/index.html]
[mag/macht-und-denken-slam-di-filosofia-a-lipsia/index.html]
[mag/il-largo-sguardo-deuropa-e-la-poesia-di-faraon-meteoses/index.html]
[mag/leuropa-e-i-limiti-della-retorica-antitedesca/index.html]
[mag/19/index.html]
[mag/category/diario/feed/index.html]
[mag/author/claudio/index.html]
[mag/category/diario/page/2/index.html]
[mag/category/diario/page/3/index.html]
[mag/category/diario/page/5/index.html]
[mag/category/rivista/index.html]
[mag/category/rivista/antropologia/index.html]
[mag/category/rivista/arte/index.html]
[mag/category/rivista/cinema/index.html]
[mag/category/rivista/comunicazione/index.html]
[mag/category/rivista/economia/index.html]
[mag/category/rivista/editoria/index.html]
[mag/category/rivista/filosofia/index.html]
[mag/category/rivista/fumetti/index.html]
[mag/category/rivista/geopolitica/index.html]
[mag/category/rivista/letteratura/index.html]
[mag/category/rivista/musica/index.html]
[mag/category/rivista/narrazioni/index.html]
[mag/category/rivista/poesia/index.html]
[mag/category/rivista/politica/index.html]
[mag/category/rivista/religioni/index.html]
[mag/category/rivista/scienza/index.html]
[mag/category/rivista/societa/index.html]
[mag/category/rivista/storia/index.html]
[mag/category/umorismo/index.html]
[mag/tag/11-settembre/index.html]
[mag/tag/agamben/index.html]
[mag/tag/auge/index.html]
[mag/tag/basso-impero/index.html]
[mag/tag/bisanzio/index.html]
[mag/tag/bologna/index.html]
[mag/tag/castelli-romani/index.html]
[mag/tag/cattolicesimo/index.html]
[mag/tag/claudio-comandini/index.html]
[mag/tag/contingenza/index.html]
[mag/tag/cristianesimo/index.html]
[mag/tag/derrida/index.html]
[mag/tag/ebrei/index.html]
[mag/tag/europa/index.html]
[mag/tag/finanza-tossica/index.html]
[mag/tag/frascati/index.html]
[mag/tag/freud/index.html]
[mag/tag/gnosi/index.html]
[mag/tag/grecia/index.html]
[mag/tag/hegel/index.html]
[mag/tag/huntington/index.html]
[mag/tag/improvvisazione/index.html]
[mag/tag/integralismo/index.html]
[mag/tag/internet/index.html]
[mag/tag/islam/index.html]
[mag/tag/istanbul/index.html]
[mag/tag/kant/index.html]
[mag/tag/leibniz/index.html]
[mag/tag/milano/index.html]
[mag/tag/montale/index.html]
[mag/tag/neoliberismo/index.html]
[mag/tag/nietzsche/index.html]
[mag/tag/perniola/index.html]
[mag/tag/poesia/index.html]
[mag/tag/psicologia/index.html]
[mag/tag/roma/index.html]
[mag/tag/scritture/index.html]
[mag/tag/sessualita/index.html]
[mag/tag/social-network/index.html]
[mag/tag/turchia/index.html]
[mag/tag/tuscolo/index.html]
[mag/tag/usa/index.html]
[mag/tag/varoufakis/index.html]
[mag/tag/viaggi/index.html]
[mag/tag/zizek/index.html]
[mag/category/diario/progetto/index.html]
[index905b.html]
[progetto/progetto/index.html]
[index2807.html]
[pubblicazioni/progetto/index.html]
[index37c3.html]
[supplementi/progetto/index.html]
[index4659.html]
[mag/2016/07/index.html]
[mag/tag/scuola/index.html]
[mag/216/progetto/index.html]
[indexf3dd.html]
[mag/author/george-weigel/index.html]
[mag/tag/george-weigel/index.html]
[mag/tag/riforme/index.html]
[mag/nuova-chiesa-e-nuova-politica/progetto/index.html]
[index52c0.html]
[wp-json/oembed/1.0/embed52e4.html]
[wp-json/oembed/1.0/embed584b.html]
[mag/author/massimo-pamio/index.html]
[mag/tag/calendari/index.html]
[mag/tag/giorno-della-memoria/index.html]
[mag/tag/massimo-pamio/index.html]
[mag/il-giorno-in-cui-combinammo-qualcosa-di-buono/progetto/index.html]
[index7737.html]
[wp-json/oembed/1.0/embede42a.html]
[wp-json/oembed/1.0/embed85fc.html]
[mag/author/franco-cardini/index.html]
[index27f1.html]
[indexb732.html]
[indexd3d4.html]
[mag/tag/cardini/index.html]
[mag/tag/jihad/index.html]
[mag/tag/nizza/index.html]
[mag/il-contagio-della-violenza/progetto/index.html]
[index0a10.html]
[wp-json/oembed/1.0/embed1e8f.html]
[wp-json/oembed/1.0/embedd3f9.html]
[mag/author/zizek-ramm/index.html]
[mag/tag/benjamin/index.html]
[mag/tag/brexit/index.html]
[mag/tag/inghilterra/index.html]
[mag/tag/populismo/index.html]
[mag/il-disgusto-della-democrazia/progetto/index.html]
[index9430.html]
[wp-json/oembed/1.0/embed071b.html]
[wp-json/oembed/1.0/embed38b3.html]
[mag/author/fabio-treppiedi/index.html]
[mag/tag/bong-joon-ho/index.html]
[mag/tag/carmelo-bene/index.html]
[mag/tag/deleuze/index.html]
[mag/tag/fabio-treppiedi/index.html]
[mag/tag/giappone/index.html]
[mag/tag/guattari/index.html]
[mag/tag/hikikomori/index.html]
[mag/tag/tatsuhiko-takimoto/index.html]
[mag/hikikomori-visto-da-leibniz/progetto/index.html]
[index8820.html]
[wp-json/oembed/1.0/embed1ae3.html]
[wp-json/oembed/1.0/embed5ef6.html]
[mag/2016/06/index.html]
[mag/author/benedetto-vecchi/index.html]
[index0a5b.html]
[index9356.html]
[index474c.html]
[mag/tag/benedetto-vecchi/index.html]
[mag/tag/bentham/index.html]
[mag/tag/philip-dick/index.html]
[mag/tag/william-davies/index.html]
[mag/gli-spacciatori-di-felicita/progetto/index.html]
[index5643.html]
[wp-json/oembed/1.0/embed335d.html]
[wp-json/oembed/1.0/embed73cb.html]
[mag/author/antonio-caronia/index.html]
[mag/tag/antonio-caronia/index.html]
[mag/tag/fantascienza/index.html]
[mag/tag/foucault/index.html]
[mag/philip-k-dick-il-filosofo-mascherato/progetto/index.html]
[wp-json/oembed/1.0/embed11b5.html]
[wp-json/oembed/1.0/embed9238.html]
[wp-json/oembed/1.0/embed7673.html]
[wp-json/oembed/1.0/embed8a97.html]
[wp-json/oembed/1.0/embed9df1.html]
[wp-content/plugins/wysija-newsletters/css/validationEngine.jqueryeed8.css]
[wp-content/themes/mh-magazine-lite/style62d0.css]
[wp-content/themes/scritture/stylec0b8.css]
[wp-content/plugins/add-to-any/addtoany.min2f3e.css]
[wp-includes/js/jquery/jquery-migrate.min330a.js]
[wp-includes/wlwmanifest.xml]
[wp-content/uploads/2016/06/capo-volto-326x245.jpg]
[wp-content/uploads/2016/05/images-200x245.jpg]
[wp-content/plugins/video-embed-box/video-embed8af4.css]
[mag/category/diario/feed/index.html]
[mag/author/claudio/index.html]
[progetto/progetto/index.html]
[mag/2016/07/index.html]
[mag/216/webkit-fake-url_/501B7D2A-66B8-4976-BD64-278B7A2D7FE7/trans.html]
[mag/author/george-weigel/index.html]
[wp-content/uploads/2016/07/Weigel-207x300.html]
[wp-content/uploads/2016/07/Calendari_Atles_catala-466x381.html]
[wp-content/uploads/2016/07/non-vedere-la-città-480x381.html]
[wp-content/plugins/ebook-create-using-post/lib/media_files/pdf_1.html]
[wp-content/plugins/ebook-create-using-post/lib/media_files/epub_1.html]
[wp-content/plugins/ebook-create-using-post/lib/media_files/mobi_1.html]
[wp-content/uploads/2016/07/Europa-al-vento-480x381.html]
[wp-content/uploads/2016/07/laboratorio-678x381.html]
[wp-content/uploads/2016/06/felicità-promesse-640x381.html]
[wp-content/uploads/2016/06/Industria_felicità.html]
[wp-content/uploads/2016/06/reincarnation-of-philip-dick-678x381.html]
[wp-content/themes/mh-magazine-lite/images/bg_direction_nav.html]
[wp-content/plugins/video-embed-box/arr_down.html]
[wp-content/plugins/video-embed-box/arr_right.html]
[wp-content/uploads/2016/07/Spider-man-is-watching-you-326x245.html]
[wp-content/uploads/2016/03/save-our_planet-326x245.html]
[wp-content/uploads/2016/07/tromba-parlante-326x245.html]
[wp-content/uploads/2016/01/portrait_of_a_star-326x245.html]
[wp-content/uploads/2015/12/il_maschietto_di_frascati-326x245.html]
[wp-content/uploads/2016/07/strada-bloccata-326x245.html]
[wp-content/uploads/2016/07/claudiopopx4-300x200.html]
[wp-content/uploads/2016/08/bozza_documento01.html]
[wp-content/plugins/pdf-embedder/css/pdfemb-embed-pdf62d0.html]
[wp-content/plugins/pdf-embedder/js/all-pdfemb-basic.min62d0.html]
[wp-content/plugins/pdf-embedder/js/pdfjs/compatibility.min62d0.html]
[wp-content/plugins/pdf-embedder/js/pdfjs/pdf.min62d0.html]
