[ciliegia.local/index.html]
[backblue.gif]
[fade.gif]
[index.html]
[ciliegia.local/wp-content/themes/mh-magazine-lite/style2cb6.css]
[ciliegia.local/wp-content/themes/scritture/stylec0b8.css]
[ciliegia.local/wp-content/themes/mh-magazine-lite/includes/font-awesome.min.css]
[ciliegia.local/wp-content/plugins/add-to-any/addtoany.min2f3e.css]
[ciliegia.local/wp-content/plugins/add-to-any/addtoany.min5152.js]
[ciliegia.local/wp-includes/js/jquery/jquery-migrate.min330a.js]
[ciliegia.local/xmlrpc0db0.php]
[ciliegia.local/wp-includes/wlwmanifest.xml]
[ciliegia.local/wp-json/oembed/1.0/embed05b8.json]
[ciliegia.local/wp-content/uploads/2016/12/Universi-paralleli.jpg]
[ciliegia.local/wp-content/themes/mh-magazine-lite/js/scripts2cb6.js]
[ciliegia.local/wp-content/uploads/2016/12/man-161247_1280.png]
[ciliegia.local/wp-content/uploads/2016/11/American-Eagles.jpg]
[ciliegia.local/wp-content/uploads/2016/11/giphy-326x245.gif]
[ciliegia.local/wp-content/uploads/2016/09/ISRAEL-slide-DV32-superJumbo-326x245.jpg]
[ciliegia.local/wp-content/uploads/2016/09/Unknown-1.jpg]
[ciliegia.local/wp-content/uploads/2016/09/sisma-allitalian-326x245.jpg]
[ciliegia.local/wp-includes/js/jquery/jqueryb8ff.js]
[ciliegia.local/wp-content/uploads/2016/09/burkini-on-the-beach-1-183x245.jpg]
[ciliegia.local/wp-content/uploads/2016/08/piccolo-mondo-andato.jpg]
[ciliegia.local/wp-content/uploads/2016/07/Via-Crucis-326x245.jpg]
[ciliegia.local/wp-content/uploads/2016/12/la-venuta-del-messia.jpg]
[ciliegia.local/wp-content/uploads/2016/12/mondo-interiore.jpg]
[ciliegia.local/wp-content/uploads/2016/12/post-unity.jpg]
[ciliegia.local/wp-content/uploads/2016/10/parlamento-fantasma.jpg]
[ciliegia.local/wp-content/uploads/2016/09/P9280050-326x245.jpg]
[ciliegia.local/wp-content/uploads/2016/09/persistenza-delle-rovine-836x438.jpg]
[ciliegia.local/wp-content/uploads/2016/08/quanto-resta-del-millennio-1030x438.jpg]
[ciliegia.local/wp-content/uploads/2016/06/capo-volto-459x438.jpg]
[ciliegia.local/wp-content/uploads/2016/06/finita-la-carta-960x438.jpg]
[ciliegia.local/wp-content/uploads/2016/06/amore_nazista.jpg]
[ciliegia.local/wp-content/uploads/2016/05/Disturbo-444x438.jpg]
[ciliegia.local/wp-content/uploads/2016/07/Spider-man-is-watching-you-920x438.jpg]
[ciliegia.local/wp-content/uploads/2016/03/save-our_planet-1030x438.jpg]
[ciliegia.local/wp-content/uploads/2016/07/tromba-parlante-1030x438.jpg]
[ciliegia.local/wp-content/uploads/2016/01/portrait_of_a_star-420x438.jpg]
[ciliegia.local/wp-content/uploads/2015/12/il_maschietto_di_frascati-445x438.png]
[ciliegia.local/wp-content/uploads/2016/07/strada-bloccata-438x438.jpg]
[ciliegia.local/wp-content/uploads/2016/07/fantasma-di-un-futuro-passato-640x438.jpg]
[ciliegia.local/wp-content/uploads/2016/07/carogelati-439x438.jpg]
[ciliegia.local/wp-content/uploads/2016/07/paracadutisti-nonsense-475x438.jpg]
[ciliegia.local/wp-content/uploads/2016/07/costruire-accanto-alle-macerie.jpg]
[ciliegia.local/wp-content/uploads/2015/05/il-gigante.jpg]
[ciliegia.local/wp-content/uploads/2016/07/atropo-1030x438.jpg]
[ciliegia.local/wp-content/uploads/2016/08/citta_noir-1030x438.jpg]
[ciliegia.local/wp-content/uploads/2016/07/maometto-allinferno-640x438.jpg]
[ciliegia.local/wp-content/uploads/2014/12/phallus-dei.jpg]
[ciliegia.local/wp-content/uploads/2016/07/il-premio-del-carcerato.jpg]
[ciliegia.local/wp-content/uploads/2016/07/lumen-de-lumine-1030x438.jpg]
[ciliegia.local/index.html]
[ciliegia.local/xmlrpc.php]
[ciliegia.local/feed/index.html]
[ciliegia.local/wp-content/themes/mh-magazine-lite/style2cb6.css]
[ciliegia.local/wp-content/themes/scritture/stylec0b8.css]
[ciliegia.local/wp-content/themes/mh-magazine-lite/includes/font-awesome.min.css]
[ciliegia.local/wp-content/plugins/add-to-any/addtoany.min2f3e.css]
[ciliegia.local/wp-json/index.html]
[ciliegia.local/claudio-comandini/index.html]
[ciliegia.local/progetto/index.html]
[ciliegia.local/pubblicazioni/index.html]
[ciliegia.local/supplementi/index.html]
[ciliegia.local/appuntamenti/index.html]
[ciliegia.local/mag/category/rivista/index.html]
[ciliegia.local/mag/theory-filosofia-low-cost/index.html]
[ciliegia.local/mag/donne-e-uomini-pregiudizi-e-dati-di-fatto/index.html]
[ciliegia.local/mag/democrazia-critica-habermas/index.html]
[ciliegia.local/mag/horror-epica-dialogo/index.html]
[ciliegia.local/mag/palestina-civilta-eno/index.html]
[ciliegia.local/mag/facendo-video-tiziana-cantone/index.html]
[ciliegia.local/mag/sisma-italiana/index.html]
[ciliegia.local/mag/il-burkini-e-lo-scandalo-del-coprirsi/index.html]
[ciliegia.local/mag/compiti-per-le-vacanze/index.html]
[ciliegia.local/mag/nuova-chiesa-e-nuova-politica/index.html]
[ciliegia.local/mag/category/rivista/antropologia/index.html]
[ciliegia.local/mag/category/rivista/arte/index.html]
[ciliegia.local/mag/category/rivista/cinema/index.html]
[ciliegia.local/mag/category/rivista/comunicazione/index.html]
[ciliegia.local/mag/category/diario/index.html]
[ciliegia.local/mag/category/rivista/economia/index.html]
[ciliegia.local/mag/category/rivista/editoria/index.html]
[ciliegia.local/mag/category/rivista/filosofia/index.html]
[ciliegia.local/mag/category/rivista/fumetti/index.html]
[ciliegia.local/mag/category/rivista/geopolitica/index.html]
[ciliegia.local/mag/category/rivista/letteratura/index.html]
[ciliegia.local/mag/category/rivista/musica/index.html]
[ciliegia.local/mag/category/rivista/narrazioni/index.html]
[ciliegia.local/mag/category/rivista/poesia/index.html]
[ciliegia.local/mag/category/rivista/politica/index.html]
[ciliegia.local/mag/category/rivista/religioni/index.html]
[ciliegia.local/mag/category/rivista/scienza/index.html]
[ciliegia.local/mag/category/rivista/societa/index.html]
[ciliegia.local/mag/category/rivista/storia/index.html]
[ciliegia.local/mag/category/umorismo/index.html]
[ciliegia.local/mag/momenti-della-fine/index.html]
[ciliegia.local/mag/la-famiglia-signoretti/index.html]
[ciliegia.local/mag/berlino-dopo-lunione/index.html]
