[backblue.gif]
[fade.gif]
[index.html]
[feed/index.html]
[wp-includes/js/jquery/jquery-migrate.min330a.js]
[comments/feed/index.html]
[wp-includes/wlwmanifest.xml]
[wp-json/oembed/1.0/embed8aed.json]
[wp-json/index.html]
[wp-content/uploads/2016/06/capo-volto-326x245.jpg]
[wp-content/uploads/2016/05/images-200x245.jpg]
[index-2.html]
[xmlrpc.php]
[mag/category/diario/index.html]
[progetto/index.html]
[pubblicazioni/index.html]
[supplementi/index.html]
[mag/216/index.html]
[mag/nuova-chiesa-e-nuova-politica/index.html]
[mag/il-giorno-in-cui-combinammo-qualcosa-di-buono/index.html]
[mag/il-contagio-della-violenza/index.html]
[mag/il-disgusto-della-democrazia/index.html]
[mag/hikikomori-visto-da-leibniz/index.html]
[mag/gli-spacciatori-di-felicita/index.html]
[mag/philip-k-dick-il-filosofo-mascherato/index.html]
[mag/un-monocameralismo-imperfetto-per-una-perfetta-autocrazia/index.html]
[mag/jeeg-robot-contro-i-kattivi/index.html]
[mag/cose-turche/index.html]
[mag/brexit-come-perdere-contro-se-stessi/index.html]
[mag/bisogna-saper-vincere/index.html]
[mag/mein-kampf-per-tutti/index.html]
[mag/spam-poetry/index.html]
[mag/dark-reign-politica-e-religione-tra-i-fumetti-e-la-gnosi/index.html]
[mag/rovine-deuropa/index.html]
[mag/variazioni-della-differenza-derrida-e-coleman/index.html]
[mag/cinque-questioni-su-david-bowie/index.html]
[mag/le-guerre-di-marcantonio-colonna-e-lo-statuto-di-frascati-del-1515/index.html]
[mag/cul-de-sac/index.html]
[mag/fantasmi-a-berlino/index.html]
[mag/istanbul-diario-di-bordo/index.html]
[mag/cocktail-bulgaro/index.html]
[mag/la-grecia-leuropa-e-i-conti-della-serva/index.html]
[mag/siamo-morti-da-sempre/index.html]
[mag/i-colori-del-noir/index.html]
[mag/charlie-hebdo-e-la-satira-integrale/index.html]
[mag/il-premio-frascati-poesia-provincia/index.html]
[mag/halloween-dietro-le-quinte/index.html]
[mag/padre-padrino/index.html]
[mag/la-palude-letteraria/index.html]
[mag/strade-di-fener/index.html]
[mag/virus/index.html]
[mag/luomo-e-la-gallina/index.html]
[mag/tutti-contro-il-ttip/index.html]
[mag/manicomio-italia-un-quadro-clinico/index.html]
[mag/gender-theories-riflessioni-a-margine/index.html]
[mag/il-neoliberismo-lideologia-senza-nome/index.html]
[mag/proposte-didattiche-per-una-scuola-meticcia/index.html]
[mag/storie-dalla-jihad/index.html]
[mag/sottoproletariato-cognitivo-italia/index.html]
[mag/un-rosario-per-pannella/index.html]
[mag/e-tutto-invano-cio-che-un-uomo-vano-fa-per-bisogno/index.html]
[mag/scorre-il-sangue-fertile-la-terra-la-pasola-di-sumba/index.html]
[mag/colonizzazione-dellimmaginario-e-controllo-sociale/index.html]
[mag/chi-paga-per-la-condivisione/index.html]
[mag/il-cane-nella-casa-degli-europei/index.html]
[mag/larte-egocentrica-mondiale-sta-uccidendo-larte/index.html]
[mag/omicidio-varani-nuove-identita-del-male/index.html]
[mag/aaa-industria-filosofica-nel-salento/index.html]
[mag/indagini-scientifiche-il-giallo-e-la-matematica/index.html]
[mag/gianni-celati-e-la-fuga-dalla-letteratura/index.html]
[mag/orizzonti-editoriali-mondo-digitale/index.html]
[mag/unioni-incivili-e-strutture-parentali-dopo-levi-strauss/index.html]
[mag/il-codice-del-mondo/index.html]
[mag/la-luce-il-paesaggio-e-il-confine-in-francesco-biamonti/index.html]
[mag/macht-und-denken-slam-di-filosofia-a-lipsia/index.html]
[mag/il-largo-sguardo-deuropa-e-la-poesia-di-faraon-meteoses/index.html]
[mag/leuropa-e-i-limiti-della-retorica-antitedesca/index.html]
[mag/19/index.html]
[xmlrpc0db0.html]
[wp-json/oembed/1.0/embed60a3.html]
[mag/bisogna-saper-vincere/index.html]
[mag/proposte-didattiche-per-una-scuola-meticcia/index.html]
[wp-content/plugins/wysija-newsletters/css/validationEngine.jqueryeed8.html]
[wp-content/themes/mh-magazine-lite/style62d0.html]
[wp-content/themes/scritture/stylec0b8.html]
[wp-content/themes/mh-magazine-lite/includes/font-awesome.min.html]
[wp-content/plugins/add-to-any/addtoany.min2f3e.html]
[wp-includes/js/jquery/jqueryb8ff.html]
[wp-content/themes/mh-magazine-lite/js/scripts62d0.html]
[wp-content/uploads/2016/07/patchwork-city.html]
[wp-content/uploads/2016/07/cropped-scritture_logo.html]
[wp-content/uploads/2016/08/piccolo-mondo-andato.html]
[wp-content/uploads/2016/07/Via-Crucis-326x245.html]
[wp-content/uploads/2016/07/Calendari_Atles_catala-326x245.html]
[wp-content/uploads/2016/07/non-vedere-la-città-326x245.html]
[wp-content/uploads/2016/07/Europa-al-vento-326x245.html]
[wp-content/uploads/2016/07/laboratorio-678x509.html]
[wp-content/uploads/2016/06/felicità-promesse-326x245.html]
[wp-content/uploads/2016/06/reincarnation-of-philip-dick-326x245.html]
[wp-content/uploads/2016/06/Costituzione_della_Repubblica_Italiana-326x245.html]
[wp-content/uploads/2016/06/Lo-Chiamavano-Jeeg-Robot-banner-326x245.html]
[wp-content/uploads/2016/08/quanto-resta-del-millennio-678x509.html]
[wp-content/uploads/2016/06/finita-la-carta-326x245.html]
[wp-content/uploads/2016/06/amore_nazista-326x245.html]
[wp-content/uploads/2016/05/Disturbo-326x245.html]
[wp-content/uploads/2016/07/Spider-man-is-watching-you-920x438.html]
[wp-content/uploads/2016/03/save-our_planet-1030x438.html]
[wp-content/uploads/2016/07/tromba-parlante-1030x438.html]
[wp-content/uploads/2016/01/portrait_of_a_star-420x438.html]
[wp-content/uploads/2015/12/il_maschietto_di_frascati-445x438.html]
[wp-content/uploads/2016/07/strada-bloccata-438x438.html]
[wp-content/uploads/2016/07/carogelati-439x438.html]
[wp-content/uploads/2016/07/paracadutisti-nonsense-475x438.html]
[wp-content/uploads/2016/07/costruire-accanto-alle-macerie.html]
[wp-content/uploads/2016/07/atropo-1030x438.html]
[wp-content/uploads/2015/02/città-noir-1030x438.html]
[wp-content/uploads/2016/07/maometto-allinferno-640x438.html]
[wp-content/uploads/2016/07/il-premio-del-carcerato.html]
[wp-content/uploads/2016/07/lumen-de-lumine-1030x438.html]
[wp-content/uploads/2014/08/descende-et-imperium-coepit-1030x438.html]
[wp-content/uploads/2016/07/palude-di-città-887x438.html]
[wp-content/uploads/2016/07/strada-di-fener-1030x438.html]
[wp-content/uploads/2016/07/duplicazione-800x438.html]
[wp-content/uploads/2013/10/la-maschera-e-il-gallo-1030x438.html]
[wp-content/uploads/2016/06/Tutti-contro-il-TTIP.html]
[wp-content/uploads/2016/06/madness-blackwhite-326x245.html]
[wp-content/uploads/2016/05/Vulvia-326x245.html]
[wp-content/uploads/2016/05/images.html]
[wp-content/plugins/video-embed-box/video-embed8af4.html]
[wp-includes/js/wp-embed.min62d0.html]
