[index-2.html]
[backblue.gif]
[fade.gif]
[index.html]
[index-2.html]
[feed/index.html]
[xmlrpc.php]
[comments/feed/index.html]
[wp-json/index.html]
[xmlrpc0db0.php]
[wp-json/oembed/1.0/embed8aed.json]
[wp-json/oembed/1.0/embed60a3]
[mag/category/diario/index.html]
[progetto/index.html]
[mag/category/diario/index.html]
[pubblicazioni/index.html]
[progetto/index.html]
[wp-json/oembed/1.0/embed11b5]
[supplementi/index.html]
[pubblicazioni/index.html]
[wp-json/oembed/1.0/embed9238]
[mag/216/index.html]
[wp-json/oembed/1.0/embed7673]
[wp-content/plugins/pdf-embedder/css/pdfemb-embed-pdf62d0.css]
[wp-content/plugins/pdf-embedder/js/all-pdfemb-basic.min62d0.js]
[wp-content/plugins/pdf-embedder/js/pdfjs/compatibility.min62d0.js]
[supplementi/index.html]
[wp-content/plugins/pdf-embedder/js/pdfjs/pdf.min62d0.js]
[mag/nuova-chiesa-e-nuova-politica/index.html]
[wp-json/oembed/1.0/embed8a97]
[mag/il-giorno-in-cui-combinammo-qualcosa-di-buono/index.html]
[mag/216/index.html]
[mag/il-contagio-della-violenza/index.html]
[wp-json/oembed/1.0/embed9df1]
[mag/nuova-chiesa-e-nuova-politica/index.html]
[mag/il-disgusto-della-democrazia/index.html]
[wp-json/oembed/1.0/embed52e4.json]
[mag/hikikomori-visto-da-leibniz/index.html]
[mag/gli-spacciatori-di-felicita/index.html]
[mag/il-giorno-in-cui-combinammo-qualcosa-di-buono/index.html]
[mag/philip-k-dick-il-filosofo-mascherato/index.html]
[wp-json/oembed/1.0/embede42a.json]
[wp-content/uploads/2016/07/non-vedere-la-città-480x381.jpg]
[wp-content/plugins/ebook-create-using-post/lib/media_files/pdf_1.png]
[mag/il-contagio-della-violenza/index.html]
[wp-json/oembed/1.0/embed1e8f.json]
[wp-content/uploads/2016/07/Europa-al-vento-480x381.jpg]
[mag/il-disgusto-della-democrazia/index.html]
[wp-json/oembed/1.0/embed071b.json]
[mag/hikikomori-visto-da-leibniz/index.html]
[wp-json/oembed/1.0/embed1ae3.json]
[wp-content/uploads/2016/06/felicità-promesse-640x381.jpg]
[wp-content/uploads/2016/06/Industria_felicità.jpg]
[mag/gli-spacciatori-di-felicita/index.html]
[wp-json/oembed/1.0/embed335d.json]
[wp-content/uploads/2016/06/reincarnation-of-philip-dick-678x381.jpg]
[mag/philip-k-dick-il-filosofo-mascherato/index.html]
[wp-json/oembed/1.0/embed158a.json]
[wp-content/uploads/2016/06/Costituzione_della_Repubblica_Italiana-580x381.jpg]
[mag/un-monocameralismo-imperfetto-per-una-perfetta-autocrazia/index.html]
[wp-json/oembed/1.0/embedecbc.json]
[mag/jeeg-robot-contro-i-kattivi/index.html]
[wp-json/oembed/1.0/embed5283.json]
[mag/cose-turche/index.html]
[wp-json/oembed/1.0/embedfac0.json]
[mag/brexit-come-perdere-contro-se-stessi/index.html]
[wp-json/oembed/1.0/embedfae2.json]
[mag/bisogna-saper-vincere/index.html]
[wp-json/oembed/1.0/embedead9.json]
[wp-content/uploads/2016/06/amore_nazista-640x381.jpg]
[mag/mein-kampf-per-tutti/index.html]
[wp-json/oembed/1.0/embed2b5e.json]
[mag/spam-poetry/index.html]
[wp-json/oembed/1.0/embede790.json]
[wp-content/uploads/2016/07/Spider-man-is-watching-you-678x381.jpg]
[mag/dark-reign-politica-e-religione-tra-i-fumetti-e-la-gnosi/index.html]
[wp-json/oembed/1.0/embed41a0.json]
[mag/rovine-deuropa/index.html]
[wp-json/oembed/1.0/embed9fc9.json]
[wp-content/uploads/2016/07/tromba-parlante-678x381.jpg]
[mag/variazioni-della-differenza-derrida-e-coleman/index.html]
[wp-json/oembed/1.0/embed0563.json]
[wp-content/uploads/2016/01/portrait_of_a_star-420x381.jpg]
[mag/cinque-questioni-su-david-bowie/index.html]
[wp-json/oembed/1.0/embed764f.json]
[mag/le-guerre-di-marcantonio-colonna-e-lo-statuto-di-frascati-del-1515/index.html]
[wp-json/oembed/1.0/embedf288.json]
[wp-content/uploads/2016/07/strada-bloccata-438x381.jpg]
[mag/cul-de-sac/index.html]
[wp-json/oembed/1.0/embed57aa.json]
[mag/fantasmi-a-berlino/index.html]
[wp-json/oembed/1.0/embed9632.json]
[wp-content/uploads/2016/07/carogelati-439x381.jpg]
[mag/istanbul-diario-di-bordo/index.html]
[wp-json/oembed/1.0/embedc7dd.json]
[mag/cocktail-bulgaro/index.html]
[wp-json/oembed/1.0/embed9ed0.json]
[wp-content/uploads/2016/07/costruire-accanto-alle-macerie-609x381.jpg]
[mag/la-grecia-leuropa-e-i-conti-della-serva/index.html]
[wp-json/oembed/1.0/embeddf86.json]
[wp-content/uploads/2016/07/atropo-678x381.jpg]
[mag/siamo-morti-da-sempre/index.html]
[wp-json/oembed/1.0/embed7b50.json]
[wp-json/oembed/1.0/embed1a59]
[mag/i-colori-del-noir/index.html]
[wp-json/oembed/1.0/embed62f8.json]
[mag/charlie-hebdo-e-la-satira-integrale/index.html]
[wp-json/oembed/1.0/embedafa9.json]
[wp-content/uploads/2016/07/il-premio-del-carcerato-536x381.jpg]
[mag/il-premio-frascati-poesia-provincia/index.html]
[wp-json/oembed/1.0/embed1202.json]
[wp-content/uploads/2016/07/lumen-de-lumine-678x381.jpg]
[mag/halloween-dietro-le-quinte/index.html]
[wp-json/oembed/1.0/embed81a4.json]
[wp-content/uploads/2014/08/descende-et-imperium-coepit-678x381.jpg]
[mag/padre-padrino/index.html]
[wp-json/oembed/1.0/embed9e40.json]
[wp-content/uploads/2016/07/palude-di-città-678x381.jpg]
[mag/la-palude-letteraria/index.html]
[wp-json/oembed/1.0/embedcb2e.json]
[mag/category/diario/feed/index.html]
[wp-content/uploads/2016/07/strada-di-fener-678x381.jpg]
[mag/strade-di-fener/index.html]
[wp-json/oembed/1.0/embed20a3.json]
[wp-content/uploads/2016/07/duplicazione-678x381.jpg]
[mag/virus/index.html]
[wp-json/oembed/1.0/embed09c6.json]
[wp-content/uploads/2013/10/la-maschera-e-il-gallo-678x381.jpg]
[mag/luomo-e-la-gallina/index.html]
[wp-json/oembed/1.0/embed111a.json]
[wp-content/uploads/2016/06/Tutti-contro-il-TTIP-640x381.jpg]
[mag/tutti-contro-il-ttip/index.html]
[wp-json/oembed/1.0/embed424c.json]
[wp-content/uploads/2016/06/madness-blackwhite-640x381.jpg]
[mag/manicomio-italia-un-quadro-clinico/index.html]
[wp-json/oembed/1.0/embed80d7.json]
[wp-content/uploads/2016/05/Vulvia-348x381.jpg]
[mag/gender-theories-riflessioni-a-margine/index.html]
[wp-json/oembed/1.0/embedcaba.json]
[wp-content/uploads/2016/05/images.jpg]
[mag/il-neoliberismo-lideologia-senza-nome/index.html]
[wp-json/oembed/1.0/embed4ee8.json]
[mag/proposte-didattiche-per-una-scuola-meticcia/index.html]
[wp-json/oembed/1.0/embed60aa.json]
[mag/storie-dalla-jihad/index.html]
[wp-json/oembed/1.0/embed3e39.json]
[mag/sottoproletariato-cognitivo-italia/index.html]
[wp-json/oembed/1.0/embed0bd5.json]
[wp-json/oembed/1.0/embedbd74]
[wp-content/uploads/2016/05/13256030_10154191902512486_1451987182669566211_n-452x381.jpg]
[mag/un-rosario-per-pannella/index.html]
[wp-json/oembed/1.0/embeded74.json]
[wp-content/uploads/2016/05/michelstaedter-autoritratto.jpg]
[mag/e-tutto-invano-cio-che-un-uomo-vano-fa-per-bisogno/index.html]
[wp-json/oembed/1.0/embed28b5.json]
[wp-content/uploads/2016/05/Quando-lo-sciamano-trova-i-vermi-colorati-la-Pasola-può-iniziare-Picture-by-Lukas-Pokorny-678x381.jpg]
[wp-content/uploads/2016/05/Tomba-megalitica-a-Ratenggaro-Sumba-300x200.jpg]
[mag/scorre-il-sangue-fertile-la-terra-la-pasola-di-sumba/index.html]
[wp-json/oembed/1.0/embedcdc0.json]
[wp-content/uploads/2016/05/immaginare-640x381.jpg]
[wp-content/uploads/2016/05/Curcio.jpg]
[mag/colonizzazione-dellimmaginario-e-controllo-sociale/index.html]
[wp-json/oembed/1.0/embed64b8.json]
[wp-content/uploads/2016/04/Paul-Baran-Tipologie-di-reti-1964.jpg]
[mag/chi-paga-per-la-condivisione/index.html]
[wp-json/oembed/1.0/embed2a51.json]
[wp-content/uploads/2016/04/Cane-domestico-europeo-678x381.jpg]
[mag/il-cane-nella-casa-degli-europei/index.html]
[wp-json/oembed/1.0/embedc5b7.json]
[wp-content/uploads/2016/04/Miley-Cyrus-Love-Money-Party.jpg]
[mag/larte-egocentrica-mondiale-sta-uccidendo-larte/index.html]
[wp-json/oembed/1.0/embed9232.json]
[mag/omicidio-varani-nuove-identita-del-male/index.html]
[wp-json/oembed/1.0/embed235a.json]
[wp-content/uploads/2016/04/Il-mosaico-di-Otranto.jpg]
[mag/aaa-industria-filosofica-nel-salento/index.html]
[wp-json/oembed/1.0/embed6e1a.json]
[wp-content/uploads/2016/03/cropped-qed12-678x198.jpg]
[mag/indagini-scientifiche-il-giallo-e-la-matematica/index.html]
[wp-json/oembed/1.0/embed742f.json]
[wp-content/uploads/2016/03/Pinocchio_molla-tutto-640x381.jpg]
[mag/gianni-celati-e-la-fuga-dalla-letteratura/index.html]
[wp-json/oembed/1.0/embed9d3c.json]
[wp-content/uploads/2016/03/codice-forse-678x381.jpg]
[mag/orizzonti-editoriali-mondo-digitale/index.html]
[wp-json/oembed/1.0/embed92fe.json]
[wp-content/uploads/2016/02/unioni-civili-678x381.jpg]
[mag/unioni-incivili-e-strutture-parentali-dopo-levi-strauss/index.html]
[wp-json/oembed/1.0/embedee76.json]
[wp-content/uploads/2016/02/umore_musicale-481x381.jpg]
[mag/il-codice-del-mondo/index.html]
[wp-json/oembed/1.0/embed0cd7.json]
[mag/la-luce-il-paesaggio-e-il-confine-in-francesco-biamonti/index.html]
[wp-json/oembed/1.0/embedac41.json]
[mag/macht-und-denken-slam-di-filosofia-a-lipsia/index.html]
[wp-json/oembed/1.0/embed343c.json]
[wp-content/uploads/2016/02/Europe_flags-678x381.png]
[wp-content/uploads/2016/02/largo_sguardo-227x300.jpg]
[mag/il-largo-sguardo-deuropa-e-la-poesia-di-faraon-meteoses/index.html]
[wp-json/oembed/1.0/embede0b5.json]
[wp-content/uploads/2016/02/La-giostra-dEuropa-471x381.jpg]
[mag/leuropa-e-i-limiti-della-retorica-antitedesca/index.html]
[wp-json/oembed/1.0/embeda37c.json]
[wp-content/uploads/2016/07/unreal_city-678x381.jpg]
[mag/19/index.html]
[wp-content/uploads/2016/05/13256030_10154191902512486_1451987182669566211_n-326x245.jpg]
[mag/author/claudio/index.html]
[wp-content/uploads/2016/07/carogelati-326x245.jpg]
[mag/category/diario/page/2/index.html]
[wp-content/uploads/2013/10/la-maschera-e-il-gallo-326x245.jpg]
[mag/category/diario/page/3/index.html]
[wp-content/uploads/2016/07/giochi-di-guerra-326x245.jpg]
[mag/category/diario/page/5/index.html]
[wp-content/uploads/2016/07/maxresdefault-326x245.jpg]
[wp-content/uploads/2016/06/Pyramid_of_Capitalist_System-326x245.jpg]
[mag/category/rivista/index.html]
[wp-content/uploads/2016/05/Quando-lo-sciamano-trova-i-vermi-colorati-la-Pasola-può-iniziare-Picture-by-Lukas-Pokorny-326x245.jpg]
[wp-content/uploads/2016/04/Abigor-326x245.jpg]
[wp-content/uploads/2016/07/unreal_city-326x245.jpg]
[mag/category/rivista/antropologia/index.html]
[wp-content/uploads/2016/04/Il-mosaico-di-Otranto-326x245.jpg]
[mag/category/rivista/arte/index.html]
[wp-content/uploads/2012/07/punti-di-vista-326x245.jpg]
[mag/category/rivista/cinema/index.html]
[wp-content/uploads/2016/05/immaginare-326x245.jpg]
[mag/category/rivista/comunicazione/index.html]
[wp-content/uploads/2016/06/Tutti-contro-il-TTIP-326x245.jpg]
[mag/category/rivista/economia/index.html]
[wp-content/uploads/2016/03/Pinocchio_molla-tutto-326x245.jpg]
[mag/category/rivista/editoria/index.html]
[wp-content/themes/mh-magazine-lite/images/placeholder-medium.png]
[mag/category/rivista/filosofia/index.html]
[wp-json/oembed/1.0/embedf919.json]
[mag/category/rivista/fumetti/index.html]
[wp-content/uploads/2016/02/La-giostra-dEuropa-326x245.jpg]
[mag/category/rivista/geopolitica/index.html]
[wp-content/uploads/2016/02/mare-in-attesa-326x245.jpg]
[mag/category/rivista/letteratura/index.html]
[wp-json/oembed/1.0/embed869f.json]
[mag/category/rivista/musica/index.html]
[wp-content/uploads/2016/03/cropped-qed12-326x198.jpg]
[mag/category/rivista/narrazioni/index.html]
[mag/category/rivista/poesia/index.html]
[wp-json/oembed/1.0/embed99a6.json]
[mag/category/rivista/politica/index.html]
[mag/category/rivista/religioni/index.html]
[mag/category/rivista/scienza/index.html]
[wp-json/oembed/1.0/embed6724.json]
[mag/category/rivista/societa/index.html]
[mag/category/rivista/storia/index.html]
[mag/category/umorismo/index.html]
[mag/tag/11-settembre/index.html]
[wp-content/uploads/2016/07/musica-da-passeggio-326x245.jpg]
[mag/tag/agamben/index.html]
[wp-json/oembed/1.0/embed4e86.json]
[mag/tag/auge/index.html]
[wp-content/uploads/2016/07/forza-italia-214x245.jpg]
[mag/tag/basso-impero/index.html]
[mag/tag/bisanzio/index.html]
[wp-content/uploads/2016/07/questo-non-è-degrado-326x245.jpg]
[mag/tag/bologna/index.html]
[mag/tag/castelli-romani/index.html]
[mag/tag/cattolicesimo/index.html]
[mag/tag/claudio-comandini/index.html]
[mag/tag/contingenza/index.html]
[mag/tag/cristianesimo/index.html]
[mag/tag/derrida/index.html]
[mag/tag/ebrei/index.html]
[index27f1.html]
[mag/tag/europa/index.html]
[indexb732.html]
[mag/tag/finanza-tossica/index.html]
[indexd3d4.html]
[mag/tag/frascati/index.html]
[mag/tag/freud/index.html]
[mag/tag/gnosi/index.html]
[mag/tag/grecia/index.html]
[mag/tag/hegel/index.html]
[mag/tag/huntington/index.html]
[mag/tag/improvvisazione/index.html]
[mag/tag/integralismo/index.html]
[mag/tag/internet/index.html]
[mag/tag/islam/index.html]
[mag/tag/istanbul/index.html]
[mag/tag/kant/index.html]
[mag/tag/leibniz/index.html]
[mag/tag/milano/index.html]
[mag/tag/montale/index.html]
[mag/tag/neoliberismo/index.html]
[mag/tag/nietzsche/index.html]
[mag/tag/perniola/index.html]
[wp-content/uploads/2016/07/il-negozio-delle-chiavi-326x245.jpg]
[mag/tag/poesia/index.html]
[wp-content/uploads/2016/04/Cane-domestico-europeo-326x245.jpg]
[mag/tag/psicologia/index.html]
[mag/tag/roma/index.html]
[mag/tag/scritture/index.html]
[mag/tag/sessualita/index.html]
[mag/tag/social-network/index.html]
[mag/tag/turchia/index.html]
[mag/tag/tuscolo/index.html]
[mag/tag/usa/index.html]
[mag/tag/varoufakis/index.html]
[mag/tag/viaggi/index.html]
[mag/tag/zizek/index.html]
[mag/category/diario/progetto/index.html]
[index905b.html]
[progetto/progetto/index.html]
[index2807.html]
[pubblicazioni/progetto/index.html]
[index37c3.html]
[supplementi/progetto/index.html]
[index4659.html]
[mag/2016/07/index.html]
[mag/tag/scuola/index.html]
[mag/216/progetto/index.html]
[indexf3dd.html]
[mag/author/george-weigel/index.html]
[mag/tag/george-weigel/index.html]
[mag/tag/riforme/index.html]
[mag/nuova-chiesa-e-nuova-politica/progetto/index.html]
[index52c0.html]
[mag/author/massimo-pamio/index.html]
[mag/tag/calendari/index.html]
[mag/tag/giorno-della-memoria/index.html]
[mag/tag/massimo-pamio/index.html]
[mag/il-giorno-in-cui-combinammo-qualcosa-di-buono/progetto/index.html]
[index7737.html]
[mag/author/franco-cardini/index.html]
[mag/tag/cardini/index.html]
[mag/tag/jihad/index.html]
[index121c.html]
[mag/tag/nizza/index.html]
[index58e6.html]
[mag/il-contagio-della-violenza/progetto/index.html]
[index762c.html]
[index0a10.html]
[mag/author/zizek-ramm/index.html]
[mag/tag/benjamin/index.html]
[mag/tag/brexit/index.html]
[mag/tag/inghilterra/index.html]
[mag/tag/populismo/index.html]
[mag/il-disgusto-della-democrazia/progetto/index.html]
[index9430.html]
[mag/author/fabio-treppiedi/index.html]
[mag/tag/bong-joon-ho/index.html]
[mag/tag/carmelo-bene/index.html]
[mag/tag/deleuze/index.html]
[mag/tag/fabio-treppiedi/index.html]
[mag/tag/giappone/index.html]
[mag/tag/guattari/index.html]
[mag/tag/hikikomori/index.html]
[mag/tag/tatsuhiko-takimoto/index.html]
[mag/hikikomori-visto-da-leibniz/progetto/index.html]
[index8820.html]
[mag/2016/06/index.html]
[mag/author/benedetto-vecchi/index.html]
[index0a5b.html]
[index9356.html]
[index474c.html]
[mag/tag/benedetto-vecchi/index.html]
[mag/tag/bentham/index.html]
[mag/tag/philip-dick/index.html]
[mag/tag/william-davies/index.html]
[mag/gli-spacciatori-di-felicita/progetto/index.html]
[index5643.html]
[mag/author/antonio-caronia/index.html]
[mag/tag/antonio-caronia/index.html]
[mag/tag/fantascienza/index.html]
[mag/tag/foucault/index.html]
[mag/philip-k-dick-il-filosofo-mascherato/progetto/index.html]
[index6cf3.html]
[mag/author/luigi-ferrajoli/index.html]
[mag/tag/costituzione/index.html]
[mag/tag/italia/index.html]
[mag/tag/luigi-ferrajoli/index.html]
[mag/tag/renzi/index.html]
[mag/un-monocameralismo-imperfetto-per-una-perfetta-autocrazia/progetto/index.html]
[index7896.html]
[mag/author/serena-grizi/index.html]
[mag/tag/alejandro-inarritu/index.html]
[mag/tag/christofer-nolan/index.html]
[mag/tag/laurence-olivier/index.html]
[mag/tag/nanni-moretti/index.html]
[mag/tag/serena-grizi/index.html]
[mag/tag/spider-man/index.html]
[mag/tag/tarantino/index.html]
[mag/jeeg-robot-contro-i-kattivi/progetto/index.html]
[indexb648.html]
[mag/2016/08/index.html]
[mag/tag/ataturk/index.html]
[mag/tag/guerra/index.html]
[mag/tag/psichedelia/index.html]
[mag/cose-turche/progetto/index.html]
[index0ed6.html]
[mag/tag/finanza/index.html]
[mag/tag/godel/index.html]
[mag/tag/rock/index.html]
[mag/tag/ttip/index.html]
[mag/brexit-come-perdere-contro-se-stessi/progetto/index.html]
[indexd519.html]
[mag/tag/grillo/index.html]
[mag/tag/m5s/index.html]
[mag/tag/napoli/index.html]
[mag/tag/pd/index.html]
[mag/tag/torino/index.html]
[mag/tag/virginia-raggi/index.html]
[mag/bisogna-saper-vincere/progetto/index.html]
[index1263.html]
[mag/tag/germania/index.html]
[mag/tag/hitler/index.html]
[mag/tag/ii-guerra-mondiale/index.html]
[mag/tag/trump/index.html]
[mag/mein-kampf-per-tutti/progetto/index.html]
[index57e7.html]
[mag/2016/05/index.html]
[mag/spam-poetry/progetto/index.html]
[index30e3.html]
[mag/2016/04/index.html]
[mag/tag/alessandro-di-nocera/index.html]
[mag/tag/apocalisse/index.html]
[mag/tag/brian-m-bendis/index.html]
[mag/tag/jung/index.html]
[mag/tag/leo-strauss/index.html]
[mag/tag/marvel/index.html]
[mag/tag/mini/index.html]
[mag/tag/schmitt/index.html]
[mag/tag/templari/index.html]
[mag/tag/umberto-eco/index.html]
[mag/tag/valentino/index.html]
[mag/dark-reign-politica-e-religione-tra-i-fumetti-e-la-gnosi/progetto/index.html]
[index5192.html]
[mag/2016/03/index.html]
[mag/tag/assange/index.html]
[mag/tag/berlino/index.html]
[mag/tag/bruxelles/index.html]
[mag/tag/informazione/index.html]
[mag/tag/jugoslavia/index.html]
[mag/rovine-deuropa/progetto/index.html]
[index07ee.html]
[mag/2016/02/index.html]
[mag/tag/don-cherry/index.html]
[mag/tag/heidegger/index.html]
[mag/tag/jackson-pollock/index.html]
[mag/tag/ornette-coleman/index.html]
[mag/variazioni-della-differenza-derrida-e-coleman/progetto/index.html]
[index2dc8.html]
[mag/2016/01/index.html]
[mag/tag/david-bowie/index.html]
[mag/tag/kubrick/index.html]
[mag/cinque-questioni-su-david-bowie/progetto/index.html]
[indexc39e.html]
[mag/2015/12/index.html]
[mag/tag/annibale-ilari/index.html]
[mag/tag/colonna/index.html]
[mag/tag/domenico-seghetti/index.html]
[mag/tag/erasmo/index.html]
[mag/tag/guicciardini/index.html]
[mag/tag/ignazio-da-loyola/index.html]
[mag/tag/lutero/index.html]
[mag/tag/machiavelli/index.html]
[mag/tag/pompeo-colonna/index.html]
[mag/tag/rinascimento/index.html]
[mag/le-guerre-di-marcantonio-colonna-e-lo-statuto-di-frascati-del-1515/progetto/index.html]
[indexb773.html]
[mag/2015/11/index.html]
[mag/tag/gainsbourg/index.html]
[mag/tag/jane-birkin/index.html]
[mag/tag/la-mecca/index.html]
[mag/tag/medio-oriente/index.html]
[mag/tag/parigi/index.html]
[mag/cul-de-sac/progetto/index.html]
[index5ed0.html]
[mag/2015/10/index.html]
[mag/tag/boris-groys/index.html]
[mag/tag/christa-wolf/index.html]
[mag/tag/ddr/index.html]
[mag/tag/deutsch-bank/index.html]
[mag/tag/fromm/index.html]
[mag/tag/gentrification/index.html]
[mag/tag/hause-der-kulturen-der-welt/index.html]
[mag/tag/hohenzollern/index.html]
[mag/tag/jimena-canalis/index.html]
[mag/tag/jules-regis-debray/index.html]
[mag/tag/mark-b-n-hansen/index.html]
[mag/tag/marlen-obrack/index.html]
[mag/tag/oktoberklub/index.html]
[mag/tag/peter-michel/index.html]
[mag/tag/rainer-rupp/index.html]
[mag/tag/s-lochlann-jain/index.html]
[mag/tag/scorpions/index.html]
[mag/tag/speer/index.html]
[mag/tag/stasi/index.html]
[mag/tag/tecnosfera/index.html]
[mag/tag/tempelhof/index.html]
[mag/tag/will-opitz/index.html]
[mag/tag/william-gibson/index.html]
[mag/tag/wolf-biermann/index.html]
[mag/tag/yeyena-atesya/index.html]
[mag/fantasmi-a-berlino/progetto/index.html]
[indexd89d.html]
[mag/2015/09/index.html]
[mag/tag/anicia-giuliana/index.html]
[mag/tag/anicio-olibrio/index.html]
[mag/tag/cccp/index.html]
[mag/tag/costantino/index.html]
[mag/tag/costantinopoli/index.html]
[mag/tag/deurim-erbil/index.html]
[mag/tag/genserico/index.html]
[mag/tag/husein-rifat/index.html]
[mag/tag/huseyin-gezer/index.html]
[mag/tag/lamartine/index.html]
[mag/tag/le-courbusier/index.html]
[mag/tag/maometto-ii/index.html]
[mag/tag/mercan-dede/index.html]
[mag/tag/orfeo/index.html]
[mag/tag/oscar-wilde/index.html]
[mag/tag/proclo/index.html]
[mag/tag/psello/index.html]
[mag/tag/sabri-berkel/index.html]
[mag/tag/sefarditi/index.html]
[mag/tag/sofia/index.html]
[mag/tag/zen/index.html]
[mag/istanbul-diario-di-bordo/progetto/index.html]
[index6543.html]
[mag/2015/08/index.html]
[mag/tag/bulgaria/index.html]
[mag/tag/de-andre/index.html]
[mag/tag/rolling-stones/index.html]
[mag/tag/sapienza/index.html]
[mag/tag/stara-zagora/index.html]
[mag/tag/tracia/index.html]
[mag/cocktail-bulgaro/progetto/index.html]
[index21b4.html]
[mag/2015/07/index.html]
[mag/tag/crisi/index.html]
[mag/tag/oriana-fallaci/index.html]
[mag/tag/paolo-barnard/index.html]
[mag/tag/ronald-dore/index.html]
[mag/tag/stiglitz/index.html]
[mag/la-grecia-leuropa-e-i-conti-della-serva/progetto/index.html]
[index71fc.html]
[mag/2015/03/index.html]
[mag/siamo-morti-da-sempre/progetto/index.html]
[indexd8bc.html]
[mag/2015/02/index.html]
[mag/tag/aleks-kuntz/index.html]
[mag/tag/carlo-lucarelli/index.html]
[mag/tag/cesare-battisti/index.html]
[mag/tag/chiara-bertazzoni/index.html]
[mag/tag/daschiel-hammett/index.html]
[mag/tag/davide-cammarone/index.html]
[mag/tag/elena-vesnaver/index.html]
[mag/tag/emilio-de-marchi/index.html]
[mag/tag/fabio-mazzoli/index.html]
[mag/tag/fernando-fazzari/index.html]
[mag/tag/giancarlo-de-cataldo/index.html]
[mag/tag/gianni-tetti/index.html]
[mag/tag/igor-de-amicis/index.html]
[mag/tag/ivan-cotroneo/index.html]
[mag/tag/j-p-rossano/index.html]
[mag/tag/lorella-natalizi/index.html]
[mag/tag/m-merisi/index.html]
[mag/tag/marcello-fois/index.html]
[mag/tag/marinella-lombardi/index.html]
[mag/tag/matteo-fraccaro/index.html]
[mag/tag/matteo-scandolin/index.html]
[mag/tag/mirco-cantoro/index.html]
[mag/tag/oscar-montani/index.html]
[mag/tag/paolo-agaraff/index.html]
[mag/tag/piero-chiara/index.html]
[mag/tag/pulp/index.html]
[mag/tag/raffaele-donnarumma/index.html]
[mag/tag/renzo-saffi/index.html]
[mag/tag/riccardo-strada/index.html]
[mag/tag/sciascia/index.html]
[mag/tag/sergio-saviane/index.html]
[mag/tag/silvia-pantaleo/index.html]
[mag/tag/simone-togneri/index.html]
[mag/tag/stefano-santarsiere/index.html]
[mag/tag/valerio-lucarelli/index.html]
[mag/tag/valerio-varesi/index.html]
[mag/i-colori-del-noir/progetto/index.html]
[index45c8.html]
[mag/2015/01/index.html]
[mag/tag/al-jabri/index.html]
[mag/tag/averroe/index.html]
[mag/tag/borges/index.html]
[mag/tag/camus/index.html]
[mag/tag/charlie-hebdo/index.html]
[mag/tag/chassidismo/index.html]
[mag/tag/corano/index.html]
[mag/tag/crociate/index.html]
[mag/tag/darnton/index.html]
[mag/tag/debord/index.html]
[mag/tag/edward-said/index.html]
[mag/tag/fatima-mernissi/index.html]
[mag/tag/levi-strauss/index.html]
[mag/tag/loretta-napoleoni/index.html]
[mag/tag/meyssan/index.html]
[mag/tag/michel-houllebecq/index.html]
[mag/tag/norah-jones/index.html]
[mag/tag/palestina/index.html]
[mag/tag/papa-francesco/index.html]
[mag/tag/quintiliano/index.html]
[mag/tag/sartre/index.html]
[mag/tag/todorov/index.html]
[mag/tag/voltaire/index.html]
[mag/charlie-hebdo-e-la-satira-integrale/progetto/index.html]
[index8a7d.html]
[mag/2014/12/index.html]
[mag/tag/barberi-squarotti/index.html]
[mag/tag/berlusconi/index.html]
[mag/tag/bertolucci/index.html]
[mag/tag/betocchi/index.html]
[mag/tag/bevilacqua/index.html]
[mag/tag/bigiaretti/index.html]
[mag/tag/caproni/index.html]
[mag/tag/contini/index.html]
[mag/tag/cordelli/index.html]
[mag/tag/croce/index.html]
[mag/tag/de-angelis/index.html]
[mag/tag/de-libero/index.html]
[mag/tag/de-nardis/index.html]
[mag/tag/emerico-giachery/index.html]
[mag/tag/fabiani/index.html]
[mag/tag/fiore/index.html]
[mag/tag/frabotta/index.html]
[mag/tag/gatto/index.html]
[mag/tag/giulio-ferroni/index.html]
[mag/tag/grillandi/index.html]
[mag/tag/guidacci/index.html]
[mag/tag/holderlin/index.html]
[mag/tag/moro/index.html]
[mag/tag/pagliarani/index.html]
[mag/tag/paris/index.html]
[mag/tag/parronchi/index.html]
[mag/tag/pasolini/index.html]
[mag/tag/petroni/index.html]
[mag/tag/petrucciani/index.html]
[mag/tag/premi/index.html]
[mag/tag/premio-montale/index.html]
[mag/tag/raboni/index.html]
[mag/tag/reale/index.html]
[mag/tag/rebora/index.html]
[mag/tag/riviello/index.html]
[mag/tag/sanguineti/index.html]
[mag/tag/santilli/index.html]
[mag/tag/seccareccia/index.html]
[mag/tag/simongini/index.html]
[mag/tag/socrate/index.html]
[mag/tag/spagnoletti/index.html]
[mag/tag/spaziani/index.html]
[mag/tag/vigolo/index.html]
[mag/tag/zanzotto/index.html]
[mag/il-premio-frascati-poesia-provincia/progetto/index.html]
[indexa9ab.html]
[mag/2014/10/index.html]
[mag/tag/angelo-brelich/index.html]
[mag/tag/celti/index.html]
[mag/tag/chateaubriand/index.html]
[mag/tag/etruschi/index.html]
[mag/tag/gallia/index.html]
[mag/tag/gide/index.html]
[mag/tag/giove/index.html]
[mag/tag/irlanda/index.html]
[mag/tag/james-frazer/index.html]
[mag/tag/kenneth-grant/index.html]
[mag/tag/luciano-di-samosata/index.html]
[mag/tag/machpelah/index.html]
[mag/tag/misteri-eleusini/index.html]
[mag/tag/new-age/index.html]
[mag/tag/paganesimo/index.html]
[mag/tag/peanuts/index.html]
[mag/tag/penati/index.html]
[mag/tag/persefone/index.html]
[mag/tag/qabbalah/index.html]
[mag/tag/qiliphoth/index.html]
[mag/tag/swedenborg/index.html]
[mag/halloween-dietro-le-quinte/progetto/index.html]
[index40e6.html]
[mag/2014/08/index.html]
[mag/padre-padrino/progetto/index.html]
[indexf454.html]
[mag/2014/07/index.html]
[mag/tag/alfred-doblin/index.html]
[mag/tag/ammaniti/index.html]
[mag/tag/arbasino/index.html]
[mag/tag/arminio/index.html]
[mag/tag/balzac/index.html]
[mag/tag/baricco/index.html]
[mag/tag/baudelaire/index.html]
[mag/tag/berardinelli/index.html]
[mag/tag/burroughs/index.html]
[mag/tag/busi/index.html]
[mag/tag/calvino/index.html]
[mag/tag/carofiglio/index.html]
[mag/tag/cassirer/index.html]
[mag/tag/cavazzoni/index.html]
[mag/tag/celati/index.html]
[mag/tag/celine/index.html]
[mag/tag/cicerone/index.html]
[mag/tag/cortellessa/index.html]
[mag/tag/dannunzio/index.html]
[mag/tag/de-cataldo/index.html]
[mag/tag/di-consoli/index.html]
[mag/tag/di-paolo/index.html]
[mag/tag/di-stefano/index.html]
[mag/tag/dubois/index.html]
[mag/tag/eco/index.html]
[mag/tag/falco/index.html]
[mag/tag/flaubert/index.html]
[mag/tag/goethe/index.html]
[mag/tag/gunther-grass/index.html]
[mag/tag/lagioia/index.html]
[mag/tag/lyotard/index.html]
[mag/tag/magrelli/index.html]
[mag/tag/manganelli/index.html]
[mag/tag/maupassant/index.html]
[mag/tag/mauresing/index.html]
[mag/tag/moravia/index.html]
[mag/tag/pavese/index.html]
[mag/tag/pedulla/index.html]
[mag/tag/permunian/index.html]
[mag/tag/piero-citati/index.html]
[mag/tag/pirandello/index.html]
[mag/tag/salinger/index.html]
[mag/tag/schucking/index.html]
[mag/tag/segre/index.html]
[mag/tag/severgnini/index.html]
[mag/tag/svevo/index.html]
[mag/tag/vasta/index.html]
[mag/tag/verga/index.html]
[mag/tag/vorpsi/index.html]
[mag/tag/wallace/index.html]
[mag/tag/zola/index.html]
[mag/la-palude-letteraria/progetto/index.html]
[index3e1b.html]
[mag/2014/04/index.html]
[mag/tag/balcani/index.html]
[mag/tag/bessarione/index.html]
[mag/tag/byron/index.html]
[mag/tag/eusebio-di-cesarea/index.html]
[mag/tag/fener/index.html]
[mag/tag/giorgio-scholarios/index.html]
[mag/tag/mandylion/index.html]
[mag/tag/odessa/index.html]
[mag/tag/sindone/index.html]
[mag/strade-di-fener/progetto/index.html]
[index17f1.html]
[mag/2014/02/index.html]
[mag/tag/appennino/index.html]
[mag/virus/progetto/index.html]
[wp-json/oembed/1.0/embed0755.json]
[wp-content/uploads/2016/07/strutture-precarie-678x381.jpg]
[mag/siria-guerra-informazione/index.html]
[index43fc.html]
[mag/2013/10/index.html]
[mag/tag/aristotele/index.html]
[mag/tag/giovani-marmotte/index.html]
[mag/tag/gurdjieff/index.html]
[mag/tag/matematica/index.html]
[mag/tag/neolingua/index.html]
[mag/tag/orwell/index.html]
[mag/tag/ouspensky/index.html]
[mag/tag/poincare/index.html]
[mag/tag/walt-disney/index.html]
[mag/luomo-e-la-gallina/progetto/index.html]
[index48fd.html]
[mag/author/stefano-feltri/index.html]
[mag/tag/isds/index.html]
[mag/tag/stefano-feltri/index.html]
[mag/tutti-contro-il-ttip/progetto/index.html]
[index0e62.html]
[mag/author/andrea-purga/index.html]
[mag/tag/andrea-purgatori/index.html]
[mag/tag/ungaretti/index.html]
[mag/tag/vittorino-andreoli/index.html]
[mag/manicomio-italia-un-quadro-clinico/progetto/index.html]
[index3f5a.html]
[mag/author/vito-sibilio/index.html]
[mag/tag/anne-fausto-sterling/index.html]
[mag/tag/genetica/index.html]
[mag/tag/judith-butler/index.html]
[mag/tag/vito-sibilio/index.html]
[mag/gender-theories-riflessioni-a-margine/progetto/index.html]
[index8e15.html]
[mag/author/george-monbiot/index.html]
[mag/orizzonti-editoriali-mondo-digitale/feed/index.html]
[mag/tag/friedrich-hayek/index.html]
[mag/tag/george-monbiot/index.html]
[mag/tag/ludwig-von-mises/index.html]
[mag/tag/margaret-thatcher/index.html]
[mag/tag/milton-friedman/index.html]
[mag/tag/naomi-klein/index.html]
[mag/tag/reagan/index.html]
[mag/il-neoliberismo-lideologia-senza-nome/progetto/index.html]
[indexb6ad.html]
[mag/author/emiliano-sbaraglia/index.html]
[mag/tag/emiliano-sbaraglia/index.html]
[mag/tag/immigrazione/index.html]
[mag/proposte-didattiche-per-una-scuola-meticcia/progetto/index.html]
[index88b9.html]
[mag/author/francesca-borri/index.html]
[mag/tag/enzensberger/index.html]
[mag/tag/francesca-borri/index.html]
[mag/storie-dalla-jihad/progetto/index.html]
[indexba52.html]
[mag/author/raffaele-coniglione/index.html]
[mag/tag/davide-miccione/index.html]
[mag/tag/raffaele-coniglione/index.html]
[mag/sottoproletariato-cognitivo-italia/progetto/index.html]
[index8ed7.html]
[mag/tag/bonino/index.html]
[mag/tag/danilo-quinto/index.html]
[mag/tag/marco-lorenzetto/index.html]
[mag/tag/pannella/index.html]
[mag/un-rosario-per-pannella/progetto/index.html]
[index460d.html]
[mag/author/gianluca-varone/index.html]
[mag/tag/gianluca-varone/index.html]
[mag/tag/giovanni-papini/index.html]
[mag/leuropa-e-i-limiti-della-retorica-antitedesca/feed/index.html]
[mag/tag/michelstaedter/index.html]
[mag/tag/nadia-baraden/index.html]
[mag/tag/sergio-campailla/index.html]
[mag/e-tutto-invano-cio-che-un-uomo-vano-fa-per-bisogno/progetto/index.html]
[index49a5.html]
[mag/author/daniele-giannotta-elena-stefanin/index.html]
[mag/tag/indonesia/index.html]
[mag/tag/marapu/index.html]
[mag/19/feed/index.html]
[mag/tag/pasola/index.html]
[mag/tag/sumba/index.html]
[mag/scorre-il-sangue-fertile-la-terra-la-pasola-di-sumba/progetto/index.html]
[index1098.html]
[mag/author/renato-curcio/index.html]
[mag/tag/renato-curcio/index.html]
[mag/author/claudio/feed/index.html]
[mag/colonizzazione-dellimmaginario-e-controllo-sociale/progetto/index.html]
[indexc5eb.html]
[mag/author/annamaria-testa/index.html]
[mag/tag/annamaria-testa/index.html]
[mag/chi-paga-per-la-condivisione/progetto/index.html]
[index6f72.html]
[mag/il-cane-nella-casa-degli-europei/progetto/index.html]
[index4837.html]
[mag/author/jj-charlesworth/index.html]
[mag/tag/anselm-kiefer/index.html]
[mag/tag/cindy-sherman/index.html]
[mag/tag/hans-ulrich-obrist/index.html]
[mag/tag/jean-twenge/index.html]
[mag/tag/jeff-koons/index.html]
[mag/tag/jj-charlesworth/index.html]
[mag/tag/klaus-bienenbach/index.html]
[mag/tag/marina-abramovic/index.html]
[mag/tag/miley-cyrus/index.html]
[mag/tag/richard-serra/index.html]
[mag/tag/shia-laboeuf/index.html]
[mag/larte-egocentrica-mondiale-sta-uccidendo-larte/progetto/index.html]
[indexe4c6.html]
[mag/author/nicola-lagioia/index.html]
[mag/category/rivista/feed/index.html]
[mag/omicidio-varani-nuove-identita-del-male/progetto/index.html]
[index287b.html]
[mag/author/carlo-signori/index.html]
[mag/tag/otranto/index.html]
[mag/category/rivista/antropologia/feed/index.html]
[mag/aaa-industria-filosofica-nel-salento/progetto/index.html]
[index65d2.html]
[mag/category/rivista/arte/feed/index.html]
[mag/author/oscar-montani/index.html]
[mag/tag/arthur-conan-doyle/index.html]
[mag/tag/edgar-allan-poe/index.html]
[mag/category/rivista/cinema/feed/index.html]
[mag/tag/ellery-queen/index.html]
[mag/tag/georges-simenon/index.html]
[mag/tag/john-dickinson-carr/index.html]
[mag/category/rivista/comunicazione/feed/index.html]
[mag/tag/rex-stout/index.html]
[mag/indagini-scientifiche-il-giallo-e-la-matematica/progetto/index.html]
[index7c2c.html]
[mag/author/ermanno-cavazzoni/index.html]
[mag/category/rivista/economia/feed/index.html]
[mag/tag/andre-gide/index.html]
[mag/tag/belpoliti/index.html]
[mag/gianni-celati-e-la-fuga-dalla-letteratura/progetto/index.html]
[index3c55.html]
[mag/category/rivista/editoria/feed/index.html]
[mag/author/massimo-bray/index.html]
[mag/category/rivista/filosofia/feed/index.html]
[mag/tag/massimo-bray/index.html]
[mag/orizzonti-editoriali-mondo-digitale/progetto/index.html]
[indexbde5.html]
[mag/author/antonio-gurrado/index.html]
[mag/category/rivista/fumetti/feed/index.html]
[mag/tag/lorenzo-scillitani/index.html]
[mag/unioni-incivili-e-strutture-parentali-dopo-levi-strauss/progetto/index.html]
[mag/category/rivista/geopolitica/feed/index.html]
[index094d.html]
[mag/author/umberto-eco/index.html]
[mag/category/rivista/letteratura/feed/index.html]
[mag/tag/bach/index.html]
[mag/tag/boezio/index.html]
[mag/tag/charles-morris/index.html]
[mag/tag/hugo-ball/index.html]
[mag/category/rivista/musica/feed/index.html]
[mag/tag/husserl/index.html]
[mag/tag/jakobson/index.html]
[mag/tag/pitagora/index.html]
[mag/category/rivista/narrazioni/feed/index.html]
[mag/tag/semiologia/index.html]
[mag/tag/vitruvio/index.html]
[mag/tag/vivaldi/index.html]
[mag/category/rivista/poesia/feed/index.html]
[mag/il-codice-del-mondo/progetto/index.html]
[index04cd.html]
[mag/category/rivista/politica/feed/index.html]
[mag/tag/liguria/index.html]
[mag/la-luce-il-paesaggio-e-il-confine-in-francesco-biamonti/progetto/index.html]
[index6213.html]
[mag/category/rivista/religioni/feed/index.html]
[mag/tag/filosofia/index.html]
[mag/tag/lipsia/index.html]
[mag/category/rivista/scienza/feed/index.html]
[mag/tag/performance/index.html]
[mag/macht-und-denken-slam-di-filosofia-a-lipsia/progetto/index.html]
[mag/category/rivista/societa/feed/index.html]
[index2cce.html]
[mag/author/angelo-favaro/index.html]
[mag/tag/angelo-favaro/index.html]
[mag/tag/faraon-meteors/index.html]
[mag/category/rivista/storia/feed/index.html]
[mag/tag/stefano-amorese/index.html]
[mag/tag/tony-harrison/index.html]
[mag/il-largo-sguardo-deuropa-e-la-poesia-di-faraon-meteoses/progetto/index.html]
[mag/category/umorismo/feed/index.html]
[indexdd23.html]
[mag/tag/11-settembre/feed/index.html]
[mag/author/matteo-cavallino/index.html]
[mag/tag/angela-merkel/index.html]
[mag/tag/agamben/feed/index.html]
[mag/tag/angelo-bolaffi/index.html]
[mag/tag/matteo-cavallino/index.html]
[mag/tag/sebastian-haffner/index.html]
[mag/tag/auge/feed/index.html]
[mag/tag/volker-lauder/index.html]
[mag/leuropa-e-i-limiti-della-retorica-antitedesca/progetto/index.html]
[mag/tag/basso-impero/feed/index.html]
[index5831.html]
[mag/author/marc-auge/index.html]
[mag/tag/bisanzio/feed/index.html]
[mag/tag/costa-davorio/index.html]
[mag/tag/fukuyama/index.html]
[mag/tag/bologna/feed/index.html]
[mag/tag/paul-virilio/index.html]
[mag/19/progetto/index.html]
[mag/author/claudio/page/2/index.html]
[mag/author/claudio/page/3/index.html]
[mag/tag/castelli-romani/feed/index.html]
[mag/author/claudio/page/5/index.html]
[mag/author/claudio/progetto/index.html]
[mag/tag/cattolicesimo/feed/index.html]
[mag/category/diario/page/1/index.html]
[mag/category/diario/page/4/index.html]
[mag/tag/claudio-comandini/feed/index.html]
[mag/category/diario/page/2/progetto/index.html]
[wp-json/oembed/1.0/embed3c7c.json]
[mag/maschile-femminile-sessualita-scrittura-basso-impero/index.html]
[wp-json/oembed/1.0/embedc13d.json]
[mag/i-tre-pontificati-di-benedetto-ix/index.html]
[wp-content/uploads/2016/07/il_cavallo_di_marco-aurelio-678x381.jpg]
[wp-json/oembed/1.0/embed09ba.json]
[mag/poesie-per-un-giorno-di-primavera/index.html]
[mag/tag/contingenza/feed/index.html]
[wp-json/oembed/1.0/embedcb0e.json]
[wp-content/uploads/2013/02/sulle-spalle-il-mondo-678x381.jpg]
[mag/conscientia-mea-ratzinger-e-noi/index.html]
[mag/tag/cristianesimo/feed/index.html]
[wp-json/oembed/1.0/embed389f.json]
[wp-content/uploads/2016/07/relitto-e-magnificenza-678x381.jpg]
[mag/lacrime-e-barche-sanremo-e-la-politica/index.html]
[mag/tag/derrida/feed/index.html]
[wp-json/oembed/1.0/embed855e.json]
[mag/declinazioni-dellautore/index.html]
[wp-json/oembed/1.0/embed6680.json]
[mag/tag/ebrei/feed/index.html]
[wp-content/uploads/2016/07/il-cammino-inverso-della-pace-678x381.jpg]
[mag/dentro-le-foibe/index.html]
[wp-json/oembed/1.0/embedbdec.json]
[mag/tag/europa/feed/index.html]
[wp-content/uploads/2016/07/vestitinudi-678x381.jpg]
[mag/il-tredicesimo-mese-aforismi/index.html]
[wp-json/oembed/1.0/embedb872.json]
[wp-content/uploads/2016/08/santa-sofia-riflessa-nelle-acque-678x381.jpg]
[mag/spazi-vuoti/index.html]
[mag/tag/finanza-tossica/feed/index.html]
[wp-json/oembed/1.0/embedd660.json]
[wp-json/oembed/1.0/embedc6dd]
[mag/contingenze-paesaggio-grizzana-morandi-metropoli/index.html]
[mag/tag/frascati/feed/index.html]
[mag/category/diario/page/3/progetto/index.html]
[wp-json/oembed/1.0/embedc630.json]
[mag/tag/freud/feed/index.html]
[wp-content/uploads/2016/07/giochi-di-guerra-678x381.jpg]
[mag/monopoli-risiko-guerre-globali-crisi-finanziarie/index.html]
[wp-json/oembed/1.0/embed0e69.json]
[mag/montale-natura-innocenza-linguaggio/index.html]
[mag/tag/gnosi/feed/index.html]
[wp-json/oembed/1.0/embed86ac.json]
[wp-content/uploads/2010/07/custode-678x381.jpg]
[mag/possedimenti-memorie-tuscolo/index.html]
[mag/tag/grecia/feed/index.html]
[wp-json/oembed/1.0/embedfbf8.json]
[wp-content/uploads/2012/05/telegono-1-494x381.jpg]
[mag/ballate-e-danze-dal-basso-impero/index.html]
[mag/tag/hegel/feed/index.html]
[wp-json/oembed/1.0/embed80cf.json]
[mag/zone-di-transito/index.html]
[mag/tag/huntington/feed/index.html]
[wp-json/oembed/1.0/embedff93.json]
[mag/il-pianeta-dei-famosi/index.html]
[wp-json/oembed/1.0/embed9d96.json]
[mag/niente-da-dire/index.html]
[mag/tag/improvvisazione/feed/index.html]
[mag/category/diario/page/5/progetto/index.html]
[mag/tag/integralismo/feed/index.html]
[mag/category/rivista/page/2/index.html]
[mag/category/rivista/page/3/index.html]
[mag/tag/internet/feed/index.html]
[mag/category/rivista/page/8/index.html]
[mag/category/rivista/progetto/index.html]
[mag/tag/islam/feed/index.html]
[wp-json/oembed/1.0/embed6141.json]
[wp-content/uploads/2012/06/labyrintime-480x381.jpg]
[mag/2012-apocalissi-su-misura/index.html]
[mag/category/rivista/antropologia/progetto/index.html]
[mag/tag/istanbul/feed/index.html]
[wp-json/oembed/1.0/embed5210.json]
[mag/bologna-porte-zodiaco-musica/index.html]
[mag/category/rivista/arte/progetto/index.html]
[mag/tag/kant/feed/index.html]
[wp-json/oembed/1.0/embedeaab.json]
[wp-content/uploads/2012/07/punti-di-vista-678x381.jpg]
[mag/batman-informazione-fumetti-stragi/index.html]
[mag/tag/leibniz/feed/index.html]
[mag/category/rivista/cinema/progetto/index.html]
[wp-json/oembed/1.0/embed2a47.json]
[mag/tag/milano/feed/index.html]
[wp-content/uploads/2016/07/frattura-678x381.jpg]
[mag/soundcentral-come-divertirsi-a-kabul/index.html]
[mag/tag/montale/feed/index.html]
[wp-json/oembed/1.0/embed777c.json]
[wp-content/uploads/2016/07/incomunicazioni-678x381.jpg]
[mag/comunicare-e-vivere/index.html]
[mag/tag/neoliberismo/feed/index.html]
[mag/category/rivista/comunicazione/page/2/index.html]
[mag/category/rivista/comunicazione/progetto/index.html]
[mag/tag/nietzsche/feed/index.html]
[wp-json/oembed/1.0/embed7374.json]
[mag/al-qaeda-network-fondamentalismo-islamico/index.html]
[wp-json/oembed/1.0/embeda722.json]
[mag/tag/perniola/feed/index.html]
[wp-content/uploads/2016/07/faceworld-678x381.jpg]
[mag/facebook-borsa-relazioni/index.html]
[mag/category/rivista/economia/progetto/index.html]
[mag/tag/poesia/feed/index.html]
[mag/category/rivista/editoria/progetto/index.html]
[mag/category/rivista/filosofia/page/2/index.html]
[mag/category/rivista/filosofia/page/3/index.html]
[mag/tag/psicologia/feed/index.html]
[mag/category/rivista/filosofia/page/4/index.html]
[mag/category/rivista/filosofia/progetto/index.html]
[mag/tag/roma/feed/index.html]
[mag/category/rivista/fumetti/progetto/index.html]
[mag/category/rivista/geopolitica/page/2/index.html]
[mag/tag/scritture/feed/index.html]
[mag/category/rivista/geopolitica/progetto/index.html]
[mag/category/rivista/letteratura/page/2/index.html]
[mag/category/rivista/letteratura/page/3/index.html]
[mag/category/rivista/letteratura/progetto/index.html]
[mag/tag/sessualita/feed/index.html]
[mag/category/rivista/musica/page/2/index.html]
[mag/category/rivista/musica/progetto/index.html]
[mag/tag/social-network/feed/index.html]
[mag/category/rivista/narrazioni/page/2/index.html]
[mag/category/rivista/narrazioni/progetto/index.html]
[mag/tag/turchia/feed/index.html]
[mag/category/rivista/poesia/page/2/index.html]
[mag/category/rivista/poesia/progetto/index.html]
[mag/tag/tuscolo/feed/index.html]
[mag/category/rivista/politica/page/2/index.html]
[mag/category/rivista/politica/progetto/index.html]
[mag/tag/usa/feed/index.html]
[mag/category/rivista/religioni/page/2/index.html]
[mag/category/rivista/religioni/progetto/index.html]
[mag/tag/varoufakis/feed/index.html]
[mag/category/rivista/scienza/progetto/index.html]
[mag/category/rivista/societa/page/2/index.html]
[mag/tag/viaggi/feed/index.html]
[mag/category/rivista/societa/page/3/index.html]
[mag/category/rivista/societa/page/5/index.html]
[mag/tag/zizek/feed/index.html]
[mag/category/rivista/societa/progetto/index.html]
[mag/category/rivista/storia/page/2/index.html]
[mag/category/rivista/storia/progetto/index.html]
[mag/tag/scuola/feed/index.html]
[mag/category/umorismo/progetto/index.html]
[mag/tag/11-settembre/progetto/index.html]
[mag/author/george-weigel/feed/index.html]
[wp-json/oembed/1.0/embed1473.json]
[mag/tag/george-weigel/feed/index.html]
[wp-content/uploads/2016/07/musica-da-passeggio-678x381.jpg]
[mag/musica-e-contemporanei/index.html]
[mag/tag/agamben/progetto/index.html]
[mag/tag/riforme/feed/index.html]
[mag/tag/auge/progetto/index.html]
[wp-json/oembed/1.0/embed9e4a.json]
[wp-json/oembed/1.0/embed584b.html]
[mag/litalia-ha-vinto/index.html]
[mag/author/massimo-pamio/feed/index.html]
[mag/tag/basso-impero/progetto/index.html]
[mag/tag/bisanzio/progetto/index.html]
[mag/tag/calendari/feed/index.html]
[wp-json/oembed/1.0/embed841d.json]
[wp-content/uploads/2016/07/questo-non-è-degrado-640x381.jpg]
[mag/leopardi-e-manzoni-il-degrado-dellitalia-e-della-sua-letteratura/index.html]
[mag/tag/giorno-della-memoria/feed/index.html]
[wp-json/oembed/1.0/embed80bd.json]
[mag/tag/massimo-pamio/feed/index.html]
[wp-content/uploads/2016/07/omaggio-alla-soglia-di-dalla-678x381.jpg]
[mag/dalla-nuvolari-sesso-angeli/index.html]
[mag/tag/bologna/progetto/index.html]
[wp-json/oembed/1.0/embed85fc.html]
[mag/tag/castelli-romani/progetto/index.html]
[mag/author/franco-cardini/feed/index.html]
[mag/tag/cattolicesimo/progetto/index.html]
[mag/tag/claudio-comandini/page/2/index.html]
[mag/tag/cardini/feed/index.html]
[mag/tag/claudio-comandini/page/3/index.html]
[mag/tag/claudio-comandini/page/5/index.html]
[mag/tag/jihad/feed/index.html]
[mag/tag/claudio-comandini/progetto/index.html]
[mag/tag/contingenza/progetto/index.html]
[mag/tag/nizza/feed/index.html]
[mag/tag/cristianesimo/progetto/index.html]
[mag/tag/derrida/progetto/index.html]
[wp-json/oembed/1.0/embedd3f9.html]
[mag/tag/ebrei/progetto/index.html]
[mag/author/zizek-ramm/feed/index.html]
[mag/tag/europa/page/2/index.html]
[mag/tag/europa/progetto/index.html]
[mag/tag/benjamin/feed/index.html]
[mag/tag/finanza-tossica/progetto/index.html]
[mag/tag/frascati/progetto/index.html]
[mag/tag/brexit/feed/index.html]
[mag/tag/freud/progetto/index.html]
[mag/tag/gnosi/progetto/index.html]
[mag/tag/inghilterra/feed/index.html]
[mag/tag/grecia/progetto/index.html]
[mag/tag/hegel/progetto/index.html]
[mag/tag/populismo/feed/index.html]
[mag/tag/huntington/progetto/index.html]
[mag/tag/improvvisazione/progetto/index.html]
[wp-json/oembed/1.0/embed38b3.html]
[mag/tag/integralismo/progetto/index.html]
[mag/author/fabio-treppiedi/feed/index.html]
[mag/tag/internet/progetto/index.html]
[mag/tag/islam/page/2/index.html]
[mag/tag/bong-joon-ho/feed/index.html]
[mag/tag/islam/progetto/index.html]
[mag/tag/istanbul/progetto/index.html]
[mag/tag/carmelo-bene/feed/index.html]
[mag/tag/kant/progetto/index.html]
[mag/tag/leibniz/progetto/index.html]
[mag/tag/deleuze/feed/index.html]
[mag/tag/milano/progetto/index.html]
[mag/tag/montale/progetto/index.html]
[mag/tag/fabio-treppiedi/feed/index.html]
[mag/tag/neoliberismo/progetto/index.html]
[mag/tag/nietzsche/progetto/index.html]
[mag/tag/giappone/feed/index.html]
[mag/tag/perniola/progetto/index.html]
[wp-json/oembed/1.0/embed6b5b.json]
[mag/tag/guattari/feed/index.html]
[mag/spiragli-sulleuropa-quattro-poesie/index.html]
[wp-content/uploads/2016/07/il-negozio-delle-chiavi-572x381.jpg]
[mag/tag/poesia/progetto/index.html]
[mag/tag/hikikomori/feed/index.html]
[mag/tag/psicologia/progetto/index.html]
[mag/tag/roma/page/2/index.html]
[mag/tag/tatsuhiko-takimoto/feed/index.html]
[mag/tag/roma/progetto/index.html]
[mag/tag/scritture/page/2/index.html]
[wp-json/oembed/1.0/embed5ef6.html]
[mag/tag/scritture/page/3/index.html]
[mag/tag/scritture/progetto/index.html]
[mag/author/benedetto-vecchi/feed/index.html]
[mag/tag/sessualita/progetto/index.html]
[mag/tag/social-network/progetto/index.html]
[mag/tag/benedetto-vecchi/feed/index.html]
[mag/tag/turchia/progetto/index.html]
[mag/tag/tuscolo/progetto/index.html]
[mag/tag/bentham/feed/index.html]
[mag/tag/usa/progetto/index.html]
[mag/tag/varoufakis/progetto/index.html]
[mag/tag/philip-dick/feed/index.html]
[mag/tag/viaggi/progetto/index.html]
[mag/tag/zizek/progetto/index.html]
[mag/tag/william-davies/feed/index.html]
[mag/2016/07/progetto/index.html]
[mag/tag/scuola/progetto/index.html]
[wp-json/oembed/1.0/embed73cb.html]
[mag/author/george-weigel/progetto/index.html]
[mag/author/antonio-caronia/feed/index.html]
[mag/tag/george-weigel/progetto/index.html]
[mag/tag/riforme/progetto/index.html]
[mag/tag/antonio-caronia/feed/index.html]
[mag/author/massimo-pamio/progetto/index.html]
[mag/tag/calendari/progetto/index.html]
[mag/tag/fantascienza/feed/index.html]
[mag/tag/giorno-della-memoria/progetto/index.html]
[mag/tag/massimo-pamio/progetto/index.html]
[mag/tag/foucault/feed/index.html]
[mag/author/franco-cardini/progetto/index.html]
[mag/tag/cardini/progetto/index.html]
[wp-json/oembed/1.0/embed66e6.html]
[mag/tag/jihad/progetto/index.html]
[mag/author/luigi-ferrajoli/feed/index.html]
[mag/tag/nizza/progetto/index.html]
[mag/author/zizek-ramm/progetto/index.html]
[mag/tag/costituzione/feed/index.html]
[mag/tag/benjamin/progetto/index.html]
[mag/tag/brexit/progetto/index.html]
[mag/tag/italia/feed/index.html]
[mag/tag/inghilterra/progetto/index.html]
[mag/tag/populismo/progetto/index.html]
[mag/tag/luigi-ferrajoli/feed/index.html]
[mag/author/fabio-treppiedi/progetto/index.html]
[mag/tag/bong-joon-ho/progetto/index.html]
[mag/tag/renzi/feed/index.html]
[mag/tag/carmelo-bene/progetto/index.html]
[mag/tag/deleuze/progetto/index.html]
[wp-json/oembed/1.0/embed73d4.html]
[mag/tag/fabio-treppiedi/progetto/index.html]
[mag/author/serena-grizi/feed/index.html]
[mag/tag/giappone/progetto/index.html]
[mag/tag/guattari/progetto/index.html]
[mag/tag/alejandro-inarritu/feed/index.html]
[mag/tag/hikikomori/progetto/index.html]
[mag/tag/tatsuhiko-takimoto/progetto/index.html]
[mag/tag/christofer-nolan/feed/index.html]
[mag/2016/06/progetto/index.html]
[mag/author/benedetto-vecchi/progetto/index.html]
[mag/tag/laurence-olivier/feed/index.html]
[mag/tag/benedetto-vecchi/progetto/index.html]
[mag/tag/bentham/progetto/index.html]
[mag/tag/nanni-moretti/feed/index.html]
[mag/tag/philip-dick/progetto/index.html]
[mag/tag/william-davies/progetto/index.html]
[mag/tag/serena-grizi/feed/index.html]
[mag/author/antonio-caronia/progetto/index.html]
[mag/tag/antonio-caronia/progetto/index.html]
[mag/tag/spider-man/feed/index.html]
[mag/tag/fantascienza/progetto/index.html]
[mag/tag/foucault/progetto/index.html]
[mag/tag/tarantino/feed/index.html]
[mag/author/luigi-ferrajoli/progetto/index.html]
[mag/tag/costituzione/progetto/index.html]
[wp-json/oembed/1.0/embedbea4.html]
[mag/tag/italia/progetto/index.html]
[mag/tag/luigi-ferrajoli/progetto/index.html]
[mag/tag/ataturk/feed/index.html]
[mag/tag/renzi/progetto/index.html]
[mag/author/serena-grizi/progetto/index.html]
[mag/tag/guerra/feed/index.html]
[mag/tag/alejandro-inarritu/progetto/index.html]
[mag/tag/christofer-nolan/progetto/index.html]
[mag/tag/psichedelia/feed/index.html]
[mag/tag/laurence-olivier/progetto/index.html]
[mag/tag/nanni-moretti/progetto/index.html]
[wp-json/oembed/1.0/embeda020.html]
[mag/tag/serena-grizi/progetto/index.html]
[mag/tag/finanza/feed/index.html]
[mag/tag/spider-man/progetto/index.html]
[mag/tag/tarantino/progetto/index.html]
[mag/tag/godel/feed/index.html]
[mag/2016/08/progetto/index.html]
[mag/tag/ataturk/progetto/index.html]
[mag/tag/rock/feed/index.html]
[mag/tag/guerra/progetto/index.html]
[mag/tag/psichedelia/progetto/index.html]
[mag/tag/ttip/feed/index.html]
[mag/tag/finanza/progetto/index.html]
[mag/tag/godel/progetto/index.html]
[wp-json/oembed/1.0/embeda2b3.html]
[mag/tag/rock/progetto/index.html]
[mag/tag/grillo/feed/index.html]
[mag/tag/ttip/progetto/index.html]
[mag/tag/m5s/feed/index.html]
[mag/tag/grillo/progetto/index.html]
[mag/tag/napoli/feed/index.html]
[mag/tag/m5s/progetto/index.html]
[mag/tag/pd/feed/index.html]
[mag/tag/napoli/progetto/index.html]
[mag/tag/torino/feed/index.html]
[mag/tag/pd/progetto/index.html]
[mag/tag/virginia-raggi/feed/index.html]
[mag/tag/torino/progetto/index.html]
[wp-json/oembed/1.0/embedd9f2.html]
[mag/tag/virginia-raggi/progetto/index.html]
[mag/tag/germania/feed/index.html]
[mag/tag/hitler/feed/index.html]
[mag/tag/germania/progetto/index.html]
[mag/tag/ii-guerra-mondiale/feed/index.html]
[mag/tag/hitler/progetto/index.html]
[mag/tag/trump/feed/index.html]
[mag/tag/ii-guerra-mondiale/progetto/index.html]
[wp-json/oembed/1.0/embed6709.html]
[mag/tag/trump/progetto/index.html]
[wp-json/oembed/1.0/embedc1e5.html]
[mag/2016/05/progetto/index.html]
[mag/tag/alessandro-di-nocera/feed/index.html]
[mag/2016/04/progetto/index.html]
[mag/tag/apocalisse/feed/index.html]
[mag/tag/alessandro-di-nocera/progetto/index.html]
[mag/tag/brian-m-bendis/feed/index.html]
[mag/tag/apocalisse/progetto/index.html]
[mag/tag/jung/feed/index.html]
[mag/tag/brian-m-bendis/progetto/index.html]
[mag/tag/leo-strauss/feed/index.html]
[mag/tag/jung/progetto/index.html]
[mag/tag/marvel/feed/index.html]
[mag/tag/leo-strauss/progetto/index.html]
[mag/tag/mini/feed/index.html]
[mag/tag/marvel/progetto/index.html]
[mag/tag/schmitt/feed/index.html]
[mag/tag/mini/progetto/index.html]
[mag/tag/templari/feed/index.html]
[mag/tag/schmitt/progetto/index.html]
[mag/tag/umberto-eco/feed/index.html]
[mag/tag/templari/progetto/index.html]
[mag/tag/valentino/feed/index.html]
[mag/tag/umberto-eco/progetto/index.html]
[wp-json/oembed/1.0/embed45cd.html]
[mag/tag/valentino/progetto/index.html]
[mag/tag/assange/feed/index.html]
[mag/2016/03/progetto/index.html]
[mag/tag/berlino/feed/index.html]
[mag/tag/assange/progetto/index.html]
[mag/tag/bruxelles/feed/index.html]
[mag/tag/berlino/progetto/index.html]
[mag/tag/informazione/feed/index.html]
[mag/tag/bruxelles/progetto/index.html]
[mag/tag/jugoslavia/feed/index.html]
[mag/tag/informazione/progetto/index.html]
[wp-json/oembed/1.0/embeda93e.html]
[mag/tag/jugoslavia/progetto/index.html]
[mag/tag/don-cherry/feed/index.html]
[mag/2016/02/progetto/index.html]
[mag/tag/heidegger/feed/index.html]
[mag/tag/don-cherry/progetto/index.html]
[mag/tag/jackson-pollock/feed/index.html]
[mag/tag/heidegger/progetto/index.html]
[mag/tag/ornette-coleman/feed/index.html]
[mag/tag/jackson-pollock/progetto/index.html]
[wp-json/oembed/1.0/embed6290.html]
[mag/tag/ornette-coleman/progetto/index.html]
[mag/tag/david-bowie/feed/index.html]
[mag/2016/01/progetto/index.html]
[mag/tag/kubrick/feed/index.html]
[mag/tag/david-bowie/progetto/index.html]
[wp-json/oembed/1.0/embed1fd9.html]
[mag/tag/kubrick/progetto/index.html]
[mag/tag/annibale-ilari/feed/index.html]
[mag/2015/12/progetto/index.html]
[mag/tag/colonna/feed/index.html]
[mag/tag/annibale-ilari/progetto/index.html]
[mag/tag/domenico-seghetti/feed/index.html]
[mag/tag/colonna/progetto/index.html]
[mag/tag/erasmo/feed/index.html]
[mag/tag/domenico-seghetti/progetto/index.html]
[mag/tag/guicciardini/feed/index.html]
[mag/tag/erasmo/progetto/index.html]
[mag/tag/ignazio-da-loyola/feed/index.html]
[mag/tag/guicciardini/progetto/index.html]
[mag/tag/lutero/feed/index.html]
[mag/tag/ignazio-da-loyola/progetto/index.html]
[mag/tag/machiavelli/feed/index.html]
[mag/tag/lutero/progetto/index.html]
[mag/tag/pompeo-colonna/feed/index.html]
[mag/tag/machiavelli/progetto/index.html]
[mag/tag/rinascimento/feed/index.html]
[mag/tag/pompeo-colonna/progetto/index.html]
[wp-json/oembed/1.0/embedea98.html]
[mag/tag/rinascimento/progetto/index.html]
[mag/tag/gainsbourg/feed/index.html]
[mag/2015/11/progetto/index.html]
[mag/tag/jane-birkin/feed/index.html]
[mag/tag/gainsbourg/progetto/index.html]
[mag/tag/la-mecca/feed/index.html]
[mag/tag/jane-birkin/progetto/index.html]
[mag/tag/medio-oriente/feed/index.html]
[mag/tag/la-mecca/progetto/index.html]
[mag/tag/parigi/feed/index.html]
[mag/tag/medio-oriente/progetto/index.html]
[wp-json/oembed/1.0/embed0bd3.html]
[mag/tag/parigi/progetto/index.html]
[mag/tag/boris-groys/feed/index.html]
[mag/2015/10/progetto/index.html]
[mag/tag/christa-wolf/feed/index.html]
[mag/tag/boris-groys/progetto/index.html]
[mag/tag/ddr/feed/index.html]
[mag/tag/christa-wolf/progetto/index.html]
[mag/tag/deutsch-bank/feed/index.html]
[mag/tag/ddr/progetto/index.html]
[mag/tag/fromm/feed/index.html]
[mag/tag/deutsch-bank/progetto/index.html]
[mag/tag/gentrification/feed/index.html]
[mag/tag/fromm/progetto/index.html]
[mag/tag/hause-der-kulturen-der-welt/feed/index.html]
[mag/tag/gentrification/progetto/index.html]
[mag/tag/hohenzollern/feed/index.html]
[mag/tag/hause-der-kulturen-der-welt/progetto/index.html]
[mag/tag/jimena-canalis/feed/index.html]
[mag/tag/hohenzollern/progetto/index.html]
[mag/tag/jules-regis-debray/feed/index.html]
[mag/tag/jimena-canalis/progetto/index.html]
[mag/tag/mark-b-n-hansen/feed/index.html]
[mag/tag/jules-regis-debray/progetto/index.html]
[mag/tag/marlen-obrack/feed/index.html]
[mag/tag/mark-b-n-hansen/progetto/index.html]
[mag/tag/oktoberklub/feed/index.html]
[mag/tag/marlen-obrack/progetto/index.html]
[mag/tag/peter-michel/feed/index.html]
[mag/tag/oktoberklub/progetto/index.html]
[mag/tag/rainer-rupp/feed/index.html]
[mag/tag/peter-michel/progetto/index.html]
[mag/tag/s-lochlann-jain/feed/index.html]
[mag/tag/rainer-rupp/progetto/index.html]
[mag/tag/scorpions/feed/index.html]
[mag/tag/s-lochlann-jain/progetto/index.html]
[mag/tag/speer/feed/index.html]
[mag/tag/scorpions/progetto/index.html]
[mag/tag/stasi/feed/index.html]
[mag/tag/speer/progetto/index.html]
[mag/tag/tecnosfera/feed/index.html]
[mag/tag/stasi/progetto/index.html]
[mag/tag/tempelhof/feed/index.html]
[mag/tag/tecnosfera/progetto/index.html]
[mag/tag/will-opitz/feed/index.html]
[mag/tag/tempelhof/progetto/index.html]
[mag/tag/william-gibson/feed/index.html]
[mag/tag/will-opitz/progetto/index.html]
[mag/tag/wolf-biermann/feed/index.html]
[mag/tag/william-gibson/progetto/index.html]
[mag/tag/yeyena-atesya/feed/index.html]
[mag/tag/wolf-biermann/progetto/index.html]
[wp-json/oembed/1.0/embed4452.html]
[mag/tag/yeyena-atesya/progetto/index.html]
[mag/tag/anicia-giuliana/feed/index.html]
[mag/2015/09/progetto/index.html]
[mag/tag/anicio-olibrio/feed/index.html]
[mag/tag/anicia-giuliana/progetto/index.html]
[mag/tag/cccp/feed/index.html]
[mag/tag/anicio-olibrio/progetto/index.html]
[mag/tag/costantino/feed/index.html]
[mag/tag/cccp/progetto/index.html]
[mag/tag/costantinopoli/feed/index.html]
[mag/tag/costantino/progetto/index.html]
[mag/tag/deurim-erbil/feed/index.html]
[mag/tag/costantinopoli/progetto/index.html]
[mag/tag/genserico/feed/index.html]
[mag/tag/deurim-erbil/progetto/index.html]
[mag/tag/husein-rifat/feed/index.html]
[mag/tag/genserico/progetto/index.html]
[mag/tag/huseyin-gezer/feed/index.html]
[mag/tag/husein-rifat/progetto/index.html]
[mag/tag/lamartine/feed/index.html]
[mag/tag/huseyin-gezer/progetto/index.html]
[mag/tag/le-courbusier/feed/index.html]
[mag/tag/lamartine/progetto/index.html]
[mag/tag/maometto-ii/feed/index.html]
[mag/tag/le-courbusier/progetto/index.html]
[mag/tag/mercan-dede/feed/index.html]
[mag/tag/maometto-ii/progetto/index.html]
[mag/tag/orfeo/feed/index.html]
[mag/tag/mercan-dede/progetto/index.html]
[mag/tag/oscar-wilde/feed/index.html]
[mag/tag/orfeo/progetto/index.html]
[mag/tag/proclo/feed/index.html]
[mag/tag/oscar-wilde/progetto/index.html]
[mag/tag/psello/feed/index.html]
[mag/tag/proclo/progetto/index.html]
[mag/tag/sabri-berkel/feed/index.html]
[mag/tag/psello/progetto/index.html]
[mag/tag/sefarditi/feed/index.html]
[mag/tag/sabri-berkel/progetto/index.html]
[mag/tag/sofia/feed/index.html]
[mag/tag/sefarditi/progetto/index.html]
[mag/tag/zen/feed/index.html]
[mag/tag/sofia/progetto/index.html]
[wp-json/oembed/1.0/embed3f5a.html]
[mag/tag/zen/progetto/index.html]
[mag/tag/bulgaria/feed/index.html]
[mag/2015/08/progetto/index.html]
[mag/tag/de-andre/feed/index.html]
[mag/tag/bulgaria/progetto/index.html]
[mag/tag/rolling-stones/feed/index.html]
[mag/tag/de-andre/progetto/index.html]
[mag/tag/sapienza/feed/index.html]
[mag/tag/rolling-stones/progetto/index.html]
[mag/tag/stara-zagora/feed/index.html]
[mag/tag/sapienza/progetto/index.html]
[mag/tag/tracia/feed/index.html]
[mag/tag/stara-zagora/progetto/index.html]
[wp-json/oembed/1.0/embede1e9.html]
[mag/tag/tracia/progetto/index.html]
[mag/tag/crisi/feed/index.html]
[mag/2015/07/progetto/index.html]
[mag/tag/oriana-fallaci/feed/index.html]
[mag/tag/crisi/progetto/index.html]
[mag/tag/paolo-barnard/feed/index.html]
[mag/tag/oriana-fallaci/progetto/index.html]
[mag/tag/ronald-dore/feed/index.html]
[mag/tag/paolo-barnard/progetto/index.html]
[mag/tag/stiglitz/feed/index.html]
[mag/tag/ronald-dore/progetto/index.html]
[wp-json/oembed/1.0/embed4922.html]
[mag/tag/stiglitz/progetto/index.html]
[mag/2015/03/progetto/index.html]
[mag/tag/aleks-kuntz/feed/index.html]
[mag/2015/02/progetto/index.html]
[mag/tag/carlo-lucarelli/feed/index.html]
[mag/tag/aleks-kuntz/progetto/index.html]
[mag/tag/cesare-battisti/feed/index.html]
[mag/tag/carlo-lucarelli/progetto/index.html]
[mag/tag/chiara-bertazzoni/feed/index.html]
[mag/tag/cesare-battisti/progetto/index.html]
[mag/tag/daschiel-hammett/feed/index.html]
[mag/tag/chiara-bertazzoni/progetto/index.html]
[mag/tag/davide-cammarone/feed/index.html]
[mag/tag/daschiel-hammett/progetto/index.html]
[mag/tag/elena-vesnaver/feed/index.html]
[mag/tag/davide-cammarone/progetto/index.html]
[mag/tag/emilio-de-marchi/feed/index.html]
[mag/tag/elena-vesnaver/progetto/index.html]
[mag/tag/fabio-mazzoli/feed/index.html]
[mag/tag/emilio-de-marchi/progetto/index.html]
[mag/tag/fernando-fazzari/feed/index.html]
[mag/tag/fabio-mazzoli/progetto/index.html]
[mag/tag/giancarlo-de-cataldo/feed/index.html]
[mag/tag/fernando-fazzari/progetto/index.html]
[mag/tag/gianni-tetti/feed/index.html]
[mag/tag/giancarlo-de-cataldo/progetto/index.html]
[mag/tag/igor-de-amicis/feed/index.html]
[mag/tag/gianni-tetti/progetto/index.html]
[mag/tag/ivan-cotroneo/feed/index.html]
[mag/tag/igor-de-amicis/progetto/index.html]
[mag/tag/j-p-rossano/feed/index.html]
[mag/tag/ivan-cotroneo/progetto/index.html]
[mag/tag/lorella-natalizi/feed/index.html]
[mag/tag/j-p-rossano/progetto/index.html]
[mag/tag/m-merisi/feed/index.html]
[mag/tag/lorella-natalizi/progetto/index.html]
[mag/tag/marcello-fois/feed/index.html]
[mag/tag/m-merisi/progetto/index.html]
[mag/tag/marinella-lombardi/feed/index.html]
[mag/tag/marcello-fois/progetto/index.html]
[mag/tag/matteo-fraccaro/feed/index.html]
[mag/tag/marinella-lombardi/progetto/index.html]
[mag/tag/matteo-scandolin/feed/index.html]
[mag/tag/matteo-fraccaro/progetto/index.html]
[mag/tag/mirco-cantoro/feed/index.html]
[mag/tag/matteo-scandolin/progetto/index.html]
[mag/tag/oscar-montani/feed/index.html]
[mag/tag/mirco-cantoro/progetto/index.html]
[mag/tag/paolo-agaraff/feed/index.html]
[mag/tag/oscar-montani/progetto/index.html]
[mag/tag/piero-chiara/feed/index.html]
[mag/tag/paolo-agaraff/progetto/index.html]
[mag/tag/pulp/feed/index.html]
[mag/tag/piero-chiara/progetto/index.html]
[mag/tag/raffaele-donnarumma/feed/index.html]
[mag/tag/pulp/progetto/index.html]
[mag/tag/renzo-saffi/feed/index.html]
[mag/tag/raffaele-donnarumma/progetto/index.html]
[mag/tag/riccardo-strada/feed/index.html]
[mag/tag/renzo-saffi/progetto/index.html]
[mag/tag/sciascia/feed/index.html]
[mag/tag/riccardo-strada/progetto/index.html]
[mag/tag/sergio-saviane/feed/index.html]
[mag/tag/sciascia/progetto/index.html]
[mag/tag/silvia-pantaleo/feed/index.html]
[mag/tag/sergio-saviane/progetto/index.html]
[mag/tag/simone-togneri/feed/index.html]
[mag/tag/silvia-pantaleo/progetto/index.html]
[mag/tag/stefano-santarsiere/feed/index.html]
[mag/tag/simone-togneri/progetto/index.html]
[mag/tag/valerio-lucarelli/feed/index.html]
[mag/tag/stefano-santarsiere/progetto/index.html]
[mag/tag/valerio-varesi/feed/index.html]
[mag/tag/valerio-lucarelli/progetto/index.html]
[wp-json/oembed/1.0/embed0621.html]
[mag/tag/valerio-varesi/progetto/index.html]
[mag/tag/al-jabri/feed/index.html]
[mag/2015/01/progetto/index.html]
[mag/tag/averroe/feed/index.html]
[mag/tag/al-jabri/progetto/index.html]
[mag/tag/borges/feed/index.html]
[mag/tag/averroe/progetto/index.html]
[mag/tag/camus/feed/index.html]
[mag/tag/borges/progetto/index.html]
[mag/tag/charlie-hebdo/feed/index.html]
[mag/tag/camus/progetto/index.html]
[mag/tag/chassidismo/feed/index.html]
[mag/tag/charlie-hebdo/progetto/index.html]
[mag/tag/corano/feed/index.html]
[mag/tag/chassidismo/progetto/index.html]
[mag/tag/crociate/feed/index.html]
[mag/tag/corano/progetto/index.html]
[mag/tag/darnton/feed/index.html]
[mag/tag/crociate/progetto/index.html]
[mag/tag/debord/feed/index.html]
[mag/tag/darnton/progetto/index.html]
[mag/tag/edward-said/feed/index.html]
[mag/tag/debord/progetto/index.html]
[mag/tag/fatima-mernissi/feed/index.html]
[mag/tag/edward-said/progetto/index.html]
[mag/tag/levi-strauss/feed/index.html]
[mag/tag/fatima-mernissi/progetto/index.html]
[mag/tag/loretta-napoleoni/feed/index.html]
[mag/tag/levi-strauss/progetto/index.html]
[mag/tag/meyssan/feed/index.html]
[mag/tag/loretta-napoleoni/progetto/index.html]
[mag/tag/michel-houllebecq/feed/index.html]
[mag/tag/meyssan/progetto/index.html]
[mag/tag/norah-jones/feed/index.html]
[mag/tag/michel-houllebecq/progetto/index.html]
[mag/tag/palestina/feed/index.html]
[mag/tag/norah-jones/progetto/index.html]
[mag/tag/papa-francesco/feed/index.html]
[mag/tag/palestina/progetto/index.html]
[mag/tag/quintiliano/feed/index.html]
[mag/tag/papa-francesco/progetto/index.html]
[mag/tag/sartre/feed/index.html]
[mag/tag/quintiliano/progetto/index.html]
[mag/tag/todorov/feed/index.html]
[mag/tag/sartre/progetto/index.html]
[mag/tag/voltaire/feed/index.html]
[mag/tag/todorov/progetto/index.html]
[wp-json/oembed/1.0/embed4c1d.html]
[mag/tag/voltaire/progetto/index.html]
[mag/tag/barberi-squarotti/feed/index.html]
[mag/2014/12/progetto/index.html]
[mag/tag/berlusconi/feed/index.html]
[mag/tag/barberi-squarotti/progetto/index.html]
[mag/tag/bertolucci/feed/index.html]
[mag/tag/berlusconi/progetto/index.html]
[mag/tag/betocchi/feed/index.html]
[mag/tag/bertolucci/progetto/index.html]
[mag/tag/bevilacqua/feed/index.html]
[mag/tag/betocchi/progetto/index.html]
[mag/tag/bigiaretti/feed/index.html]
[mag/tag/bevilacqua/progetto/index.html]
[mag/tag/caproni/feed/index.html]
[mag/tag/bigiaretti/progetto/index.html]
[mag/tag/contini/feed/index.html]
[mag/tag/caproni/progetto/index.html]
[mag/tag/cordelli/feed/index.html]
[mag/tag/contini/progetto/index.html]
[mag/tag/croce/feed/index.html]
[mag/tag/cordelli/progetto/index.html]
[mag/tag/de-angelis/feed/index.html]
[mag/tag/croce/progetto/index.html]
[mag/tag/de-libero/feed/index.html]
[mag/tag/de-angelis/progetto/index.html]
[mag/tag/de-nardis/feed/index.html]
[mag/tag/de-libero/progetto/index.html]
[mag/tag/emerico-giachery/feed/index.html]
[mag/tag/de-nardis/progetto/index.html]
[mag/tag/fabiani/feed/index.html]
[mag/tag/emerico-giachery/progetto/index.html]
[mag/tag/fiore/feed/index.html]
[mag/tag/fabiani/progetto/index.html]
[mag/tag/frabotta/feed/index.html]
[mag/tag/fiore/progetto/index.html]
[mag/tag/gatto/feed/index.html]
[mag/tag/frabotta/progetto/index.html]
[mag/tag/giulio-ferroni/feed/index.html]
[mag/tag/gatto/progetto/index.html]
[mag/tag/grillandi/feed/index.html]
[mag/tag/giulio-ferroni/progetto/index.html]
[mag/tag/guidacci/feed/index.html]
[mag/tag/grillandi/progetto/index.html]
[mag/tag/holderlin/feed/index.html]
[mag/tag/guidacci/progetto/index.html]
[mag/tag/moro/feed/index.html]
[mag/tag/holderlin/progetto/index.html]
[mag/tag/pagliarani/feed/index.html]
[mag/tag/moro/progetto/index.html]
[mag/tag/paris/feed/index.html]
[mag/tag/pagliarani/progetto/index.html]
[mag/tag/parronchi/feed/index.html]
[mag/tag/paris/progetto/index.html]
[mag/tag/pasolini/feed/index.html]
[mag/tag/parronchi/progetto/index.html]
[mag/tag/petroni/feed/index.html]
[mag/tag/pasolini/progetto/index.html]
[mag/tag/petrucciani/feed/index.html]
[mag/tag/petroni/progetto/index.html]
[mag/tag/premi/feed/index.html]
[mag/tag/petrucciani/progetto/index.html]
[mag/tag/premio-montale/feed/index.html]
[mag/tag/premi/progetto/index.html]
[mag/tag/raboni/feed/index.html]
[mag/tag/premio-montale/progetto/index.html]
[mag/tag/reale/feed/index.html]
[mag/tag/raboni/progetto/index.html]
[mag/tag/rebora/feed/index.html]
[mag/tag/reale/progetto/index.html]
[mag/tag/riviello/feed/index.html]
[mag/tag/rebora/progetto/index.html]
[mag/tag/sanguineti/feed/index.html]
[mag/tag/riviello/progetto/index.html]
[mag/tag/santilli/feed/index.html]
[mag/tag/sanguineti/progetto/index.html]
[mag/tag/seccareccia/feed/index.html]
[mag/tag/santilli/progetto/index.html]
[mag/tag/simongini/feed/index.html]
[mag/tag/seccareccia/progetto/index.html]
[mag/tag/socrate/feed/index.html]
[mag/tag/simongini/progetto/index.html]
[mag/tag/spagnoletti/feed/index.html]
[mag/tag/socrate/progetto/index.html]
[mag/tag/spaziani/feed/index.html]
[mag/tag/spagnoletti/progetto/index.html]
[mag/tag/vigolo/feed/index.html]
[mag/tag/spaziani/progetto/index.html]
[mag/tag/zanzotto/feed/index.html]
[mag/tag/vigolo/progetto/index.html]
[wp-json/oembed/1.0/embedd0af.html]
[mag/tag/zanzotto/progetto/index.html]
[mag/tag/angelo-brelich/feed/index.html]
[mag/2014/10/progetto/index.html]
[mag/tag/celti/feed/index.html]
[mag/tag/angelo-brelich/progetto/index.html]
[mag/tag/chateaubriand/feed/index.html]
[mag/tag/celti/progetto/index.html]
[mag/tag/etruschi/feed/index.html]
[mag/tag/chateaubriand/progetto/index.html]
[mag/tag/gallia/feed/index.html]
[mag/tag/etruschi/progetto/index.html]
[mag/tag/gide/feed/index.html]
[mag/tag/gallia/progetto/index.html]
[mag/tag/giove/feed/index.html]
[mag/tag/gide/progetto/index.html]
[mag/tag/irlanda/feed/index.html]
[mag/tag/giove/progetto/index.html]
[mag/tag/james-frazer/feed/index.html]
[mag/tag/irlanda/progetto/index.html]
[mag/tag/kenneth-grant/feed/index.html]
[mag/tag/james-frazer/progetto/index.html]
[mag/tag/luciano-di-samosata/feed/index.html]
[mag/tag/kenneth-grant/progetto/index.html]
[mag/tag/machpelah/feed/index.html]
[mag/tag/luciano-di-samosata/progetto/index.html]
[mag/tag/misteri-eleusini/feed/index.html]
[mag/tag/machpelah/progetto/index.html]
[mag/tag/new-age/feed/index.html]
[mag/tag/misteri-eleusini/progetto/index.html]
[mag/tag/paganesimo/feed/index.html]
[mag/tag/new-age/progetto/index.html]
[mag/tag/peanuts/feed/index.html]
[mag/tag/paganesimo/progetto/index.html]
[mag/tag/penati/feed/index.html]
[mag/tag/peanuts/progetto/index.html]
[mag/tag/persefone/feed/index.html]
[mag/tag/penati/progetto/index.html]
[mag/tag/qabbalah/feed/index.html]
[mag/tag/persefone/progetto/index.html]
[mag/tag/qiliphoth/feed/index.html]
[mag/tag/qabbalah/progetto/index.html]
[mag/tag/swedenborg/feed/index.html]
[mag/tag/qiliphoth/progetto/index.html]
[wp-json/oembed/1.0/embed4459.html]
[mag/tag/swedenborg/progetto/index.html]
[wp-json/oembed/1.0/embed1822.html]
[mag/2014/08/progetto/index.html]
[mag/tag/alfred-doblin/feed/index.html]
[mag/2014/07/progetto/index.html]
[mag/tag/ammaniti/feed/index.html]
[mag/tag/alfred-doblin/progetto/index.html]
[mag/tag/arbasino/feed/index.html]
[mag/tag/ammaniti/progetto/index.html]
[mag/tag/arminio/feed/index.html]
[mag/tag/arbasino/progetto/index.html]
[mag/tag/balzac/feed/index.html]
[mag/tag/arminio/progetto/index.html]
[mag/tag/baricco/feed/index.html]
[mag/tag/balzac/progetto/index.html]
[mag/tag/baudelaire/feed/index.html]
[mag/tag/baricco/progetto/index.html]
[mag/tag/berardinelli/feed/index.html]
[mag/tag/baudelaire/progetto/index.html]
[mag/tag/burroughs/feed/index.html]
[mag/tag/berardinelli/progetto/index.html]
[mag/tag/busi/feed/index.html]
[mag/tag/burroughs/progetto/index.html]
[mag/tag/calvino/feed/index.html]
[mag/tag/busi/progetto/index.html]
[mag/tag/carofiglio/feed/index.html]
[mag/tag/calvino/progetto/index.html]
[mag/tag/cassirer/feed/index.html]
[mag/tag/carofiglio/progetto/index.html]
[mag/tag/cavazzoni/feed/index.html]
[mag/tag/cassirer/progetto/index.html]
[mag/tag/celati/feed/index.html]
[mag/tag/cavazzoni/progetto/index.html]
[mag/tag/celine/feed/index.html]
[mag/tag/celati/progetto/index.html]
[mag/tag/cicerone/feed/index.html]
[mag/tag/celine/progetto/index.html]
